Archive member included to satisfy reference by file (symbol)

/Applications/microchip/xc32/v4.21/bin/bin/../../lib/gcc/pic32c/8.3.1/../../../../pic32c/lib/thumb/v7e-m+fp/hard/libpic32c.a(data_init_wrapper.o)
                              build/default/debug/_ext/1171490990/startup_xc32.o (__pic32c_data_initialization)
/Applications/microchip/xc32/v4.21/bin/bin/../../lib/gcc/pic32c/8.3.1/../../../../pic32c/lib/thumb/v7e-m+fp/hard/libpic32c.a(data_init_0_1.o)
                              /Applications/microchip/xc32/v4.21/bin/bin/../../lib/gcc/pic32c/8.3.1/../../../../pic32c/lib/thumb/v7e-m+fp/hard/libpic32c.a(data_init_wrapper.o) (__pic32c_data_initialization_impl)
/Applications/microchip/xc32/v4.21/bin/bin/../../lib/gcc/pic32c/8.3.1/../../../../pic32c/lib/thumb/v7e-m+fp/hard/libm-emfloat.a(__aeabi_dsub.o)
                              build/default/debug/_ext/1360937237/DRV_TSL2591.o (__aeabi_dsub)
/Applications/microchip/xc32/v4.21/bin/bin/../../lib/gcc/pic32c/8.3.1/../../../../pic32c/lib/thumb/v7e-m+fp/hard/libm-emfloat.a(__aeabi_dmul.o)
                              build/default/debug/_ext/1360937237/DRV_TSL2591.o (__aeabi_dmul)
/Applications/microchip/xc32/v4.21/bin/bin/../../lib/gcc/pic32c/8.3.1/../../../../pic32c/lib/thumb/v7e-m+fp/hard/libm-emfloat.a(__aeabi_ddiv.o)
                              build/default/debug/_ext/1360937237/DRV_TSL2591.o (__aeabi_ddiv)
/Applications/microchip/xc32/v4.21/bin/bin/../../lib/gcc/pic32c/8.3.1/../../../../pic32c/lib/thumb/v7e-m+fp/hard/libm-emfloat.a(__aeabi_d2uiz.o)
                              build/default/debug/_ext/1360937237/DRV_TSL2591.o (__aeabi_d2uiz)
/Applications/microchip/xc32/v4.21/bin/bin/../../lib/gcc/pic32c/8.3.1/../../../../pic32c/lib/thumb/v7e-m+fp/hard/libm-emfloat.a(__aeabi_f2d.o)
                              build/default/debug/_ext/1360937237/DRV_TSL2591.o (__aeabi_f2d)
/Applications/microchip/xc32/v4.21/bin/bin/../../lib/gcc/pic32c/8.3.1/../../../../pic32c/lib/thumb/v7e-m+fp/hard/libm-emfloat.a(__aeabi_dadd.o)
                              /Applications/microchip/xc32/v4.21/bin/bin/../../lib/gcc/pic32c/8.3.1/../../../../pic32c/lib/thumb/v7e-m+fp/hard/libm-emfloat.a(__aeabi_dsub.o) (__aeabi_dadd)
/Applications/microchip/xc32/v4.21/bin/bin/../../lib/gcc/pic32c/8.3.1/../../../../pic32c/lib/thumb/v7e-m+fp/hard/libg-musl.a(__libc_start_main.o)
                              build/default/debug/_ext/1171490990/startup_xc32.o (__libc_init_array)
/Applications/microchip/xc32/v4.21/bin/bin/../../lib/gcc/pic32c/8.3.1/../../../../pic32c/lib/thumb/v7e-m+fp/hard/libg-musl.a(libc.o)
                              /Applications/microchip/xc32/v4.21/bin/bin/../../lib/gcc/pic32c/8.3.1/../../../../pic32c/lib/thumb/v7e-m+fp/hard/libg-musl.a(__libc_start_main.o) (__progname_full)
/Applications/microchip/xc32/v4.21/bin/bin/../../lib/gcc/pic32c/8.3.1/../../../../pic32c/lib/thumb/v7e-m+fp/hard/libg-musl.a(__sio_printf_doux.o)
                              (_printf_cdnopuxX)
/Applications/microchip/xc32/v4.21/bin/bin/../../lib/gcc/pic32c/8.3.1/../../../../pic32c/lib/thumb/v7e-m+fp/hard/libg-musl.a(__fmt_d.o)
                              /Applications/microchip/xc32/v4.21/bin/bin/../../lib/gcc/pic32c/8.3.1/../../../../pic32c/lib/thumb/v7e-m+fp/hard/libg-musl.a(__sio_printf_doux.o) (__fmt_d_needed)
/Applications/microchip/xc32/v4.21/bin/bin/../../lib/gcc/pic32c/8.3.1/../../../../pic32c/lib/thumb/v7e-m+fp/hard/libg-musl.a(__fmt_o.o)
                              /Applications/microchip/xc32/v4.21/bin/bin/../../lib/gcc/pic32c/8.3.1/../../../../pic32c/lib/thumb/v7e-m+fp/hard/libg-musl.a(__sio_printf_doux.o) (__fmt_o_needed)
/Applications/microchip/xc32/v4.21/bin/bin/../../lib/gcc/pic32c/8.3.1/../../../../pic32c/lib/thumb/v7e-m+fp/hard/libg-musl.a(__fmt_s.o)
                              /Applications/microchip/xc32/v4.21/bin/bin/../../lib/gcc/pic32c/8.3.1/../../../../pic32c/lib/thumb/v7e-m+fp/hard/libg-musl.a(__sio_printf_doux.o) (__fmt_s_needed)
/Applications/microchip/xc32/v4.21/bin/bin/../../lib/gcc/pic32c/8.3.1/../../../../pic32c/lib/thumb/v7e-m+fp/hard/libg-musl.a(__fmt_u.o)
                              /Applications/microchip/xc32/v4.21/bin/bin/../../lib/gcc/pic32c/8.3.1/../../../../pic32c/lib/thumb/v7e-m+fp/hard/libg-musl.a(__fmt_d.o) (__cvt_u)
/Applications/microchip/xc32/v4.21/bin/bin/../../lib/gcc/pic32c/8.3.1/../../../../pic32c/lib/thumb/v7e-m+fp/hard/libg-musl.a(__fmt_x.o)
                              /Applications/microchip/xc32/v4.21/bin/bin/../../lib/gcc/pic32c/8.3.1/../../../../pic32c/lib/thumb/v7e-m+fp/hard/libg-musl.a(__sio_printf_doux.o) (__fmt_x_needed)
/Applications/microchip/xc32/v4.21/bin/bin/../../lib/gcc/pic32c/8.3.1/../../../../pic32c/lib/thumb/v7e-m+fp/hard/libg-musl.a(__pop_int.o)
                              /Applications/microchip/xc32/v4.21/bin/bin/../../lib/gcc/pic32c/8.3.1/../../../../pic32c/lib/thumb/v7e-m+fp/hard/libg-musl.a(__sio_printf_doux.o) (__pop_int_needed)
[...]
Memory Configuration

Name             Origin             Length             Attributes
rom              0x00000000         0x00100000         xrl
ram              0x20000000         0x00040000         xw !r
tcm              0x03000000         0x00000000         xw
bkupram          0x47000000         0x00002000
config_00804000  0x00804000         0x00000004
config_00804008  0x00804008         0x00000004
config_00804004  0x00804004         0x00000004
*default*        0x00000000         0xffffffff

Linker script and memory map

LOAD /Applications/microchip/xc32/v4.21/bin/bin/../../lib/gcc/pic32c/8.3.1/thumb/v7e-m+fp/hard/crti.o
LOAD /Applications/microchip/xc32/v4.21/bin/bin/../../lib/gcc/pic32c/8.3.1/thumb/v7e-m+fp/hard/crtbegin.o
LOAD build/default/debug/_ext/158385033/drv_i2c.o
LOAD build/default/debug/_ext/1360937237/DRV_TSL2591.o
LOAD build/default/debug/_ext/1529399856/osal_freertos.o
LOAD build/default/debug/_ext/1984496892/plib_clock.o
LOAD build/default/debug/_ext/1865131932/plib_cmcc.o
LOAD build/default/debug/_ext/1986646378/plib_evsys.o
LOAD build/default/debug/_ext/1865468468/plib_nvic.o
LOAD build/default/debug/_ext/1593096446/plib_nvmctrl.o
LOAD build/default/debug/_ext/1865521619/plib_port.o
LOAD build/default/debug/_ext/508257091/plib_sercom3_i2c_master.o
LOAD build/default/debug/_ext/504274921/plib_sercom2_usart.o
LOAD build/default/debug/_ext/163028504/xc32_monitor.o
LOAD build/default/debug/_ext/1014039709/sys_cache.o
LOAD build/default/debug/_ext/1881668453/sys_int.o
LOAD build/default/debug/_ext/1171490990/tasks.o
LOAD build/default/debug/_ext/1171490990/startup_xc32.o
LOAD build/default/debug/_ext/1171490990/libc_syscalls.o
LOAD build/default/debug/_ext/1171490990/exceptions.o
LOAD build/default/debug/_ext/1171490990/initialization.o
LOAD build/default/debug/_ext/1171490990/interrupts.o
LOAD build/default/debug/_ext/1171490990/freertos_hooks.o
LOAD build/default/debug/_ext/246609638/port.o
LOAD build/default/debug/_ext/1665200909/heap_1.o
LOAD build/default/debug/_ext/404212886/list.o
LOAD build/default/debug/_ext/404212886/stream_buffer.o
LOAD build/default/debug/_ext/404212886/FreeRTOS_tasks.o
LOAD build/default/debug/_ext/404212886/croutine.o
LOAD build/default/debug/_ext/404212886/timers.o
LOAD build/default/debug/_ext/404212886/event_groups.o
LOAD build/default/debug/_ext/404212886/queue.o
LOAD build/default/debug/_ext/1360937237/app.o
LOAD build/default/debug/_ext/1360937237/main.o
                0x00000001                __MPLAB_BUILD = 0x1
                0x00100000                __rom_end = (ORIGIN (rom) + LENGTH (rom))
                0x20040000                __ram_end = (ORIGIN (ram) + LENGTH (ram))

.config_00804000
 *(.config_00804000)

.config_00804008
 *(.config_00804008)

.config_00804004
 *(.config_00804004)

.vectors        0x00000000      0x264
                0x00000000                . = ALIGN (0x4)
                0x00000000                _sfixed = .
 *(.vectors .vectors.* .vectors_default .vectors_default.*)
 .vectors.exception_table
                0x00000000      0x264 build/default/debug/_ext/1171490990/interrupts.o
                0x00000000                exception_table
 *(.isr_vector)
 *(.reset*)
 *(.after_vectors)

.text           0x00000264       0x20
                0x00000264                . = ALIGN (0x4)
 *(.glue_7t)
 .glue_7t       0x00000264        0x0 linker stubs
 *(.glue_7)
 .glue_7        0x00000264        0x0 linker stubs
 *(.gnu.linkonce.r.*)
 *(.ARM.extab* .gnu.linkonce.armextab.*)
                0x00000264                . = ALIGN (0x4)
 *(.init)
 .init          0x00000264        0x4 /Applications/microchip/xc32/v4.21/bin/bin/../../lib/gcc/pic32c/8.3.1/thumb/v7e-m+fp/hard/crti.o
                0x00000264                _init
 .init          0x00000268        0x8 /Applications/microchip/xc32/v4.21/bin/bin/../../lib/gcc/pic32c/8.3.1/thumb/v7e-m+fp/hard/crtn.o
                0x00000270                . = ALIGN (0x4)
                0x00000270                __preinit_array_start = .
 *(.preinit_array)
                0x00000270                __preinit_array_end = .
                0x00000270                . = ALIGN (0x4)
                0x00000270                __init_array_start = .
 *(SORT_BY_NAME(.init_array.*))
 *(.init_array)
 .init_array    0x00000270        0x4 /Applications/microchip/xc32/v4.21/bin/bin/../../lib/gcc/pic32c/8.3.1/thumb/v7e-m+fp/hard/crtbegin.o
                0x00000274                __init_array_end = .
                0x00000274                . = ALIGN (0x4)
 *crtbegin.o(.ctors)
 *(EXCLUDE_FILE(*crtend.o) .ctors)
 *(SORT_BY_NAME(.ctors.*))
 *crtend.o(.ctors)
                0x00000274                . = ALIGN (0x4)
 *(.fini)
 .fini          0x00000274        0x4 /Applications/microchip/xc32/v4.21/bin/bin/../../lib/gcc/pic32c/8.3.1/thumb/v7e-m+fp/hard/crti.o
                0x00000274                _fini
 .fini          0x00000278        0x8 /Applications/microchip/xc32/v4.21/bin/bin/../../lib/gcc/pic32c/8.3.1/thumb/v7e-m+fp/hard/crtn.o
                0x00000280                . = ALIGN (0x4)
                0x00000280                __fini_array_start = .
 *(.fini_array)
 .fini_array    0x00000280        0x4 /Applications/microchip/xc32/v4.21/bin/bin/../../lib/gcc/pic32c/8.3.1/thumb/v7e-m+fp/hard/crtbegin.o
 *(SORT_BY_NAME(.fini_array.*))
                0x00000284                __fini_array_end = .
 *crtbegin.o(.dtors)
 *(EXCLUDE_FILE(*crtend.o) .dtors)
 *(SORT_BY_NAME(.dtors.*))
 *crtend.o(.dtors)
                0x00000284                . = ALIGN (0x4)
                0x00000284                _efixed = .
                [!provide]                PROVIDE (__exidx_start = .)

.ARM.exidx      0x00000284        0x8
 *(.ARM.exidx* .gnu.linkonce.armexidx.*)
 .ARM.exidx     0x00000284        0x8 /Applications/microchip/xc32/v4.21/bin/bin/../../lib/gcc/pic32c/8.3.1/thumb/v7e-m+fp/hard/libgcc.a(_udivmoddi4.o)
                [!provide]                PROVIDE (__exidx_end = .)
                0x0000028c                . = ALIGN (0x4)
                0x0000028c                _etext = .

.bss            0x20000000       0x30
                0x20000000                . = ALIGN (0x4)
                0x20000000                __bss_start__ = .
                0x20000000                _sbss = .
                0x20000000                _szero = .
 *(COMMON)
 COMMON         0x20000000        0x4 build/default/debug/_ext/1171490990/tasks.o
                0x20000000                xAPP_Tasks
 COMMON         0x20000004        0x4 build/default/debug/_ext/1171490990/initialization.o
                0x20000004                sysObj
 COMMON         0x20000008       0x28 build/default/debug/_ext/1360937237/app.o
                0x20000008                appData
                0x20000030                . = ALIGN (0x4)
                0x20000030                __bss_end__ = .
                0x20000030                _ebss = .
                0x20000030                _ezero = .
                0x20000030                . = ALIGN (0x4)
                0x20000030                _end = .
                0x2003ffff                _ram_end_ = ((ORIGIN (ram) + LENGTH (ram)) - 0x1)

.bkupram_bss
 *(.bkupram_bss .bkupram_bss.*)
 *(.pbss .pbss.*)
                0x00000001                __ICD2RAM = 0x1
                0x00000001                __MPLAB_DEBUG = 0x1
                0x00000001                __DEBUG = 0x1
                0x00000200                _min_heap_size = 0x200
START GROUP
LOAD /Applications/microchip/xc32/v4.21/bin/bin/../../lib/gcc/pic32c/8.3.1/../../../../pic32c/lib/thumb/v7e-m+fp/hard/libpic32c.a
LOAD /Applications/microchip/xc32/v4.21/bin/bin/../../lib/gcc/pic32c/8.3.1/../../../../pic32c/lib/thumb/v7e-m+fp/hard/libm-emfloat.a
LOAD /Applications/microchip/xc32/v4.21/bin/bin/../../lib/gcc/pic32c/8.3.1/../../../../pic32c/lib/thumb/v7e-m+fp/hard/libg-musl.a
LOAD /Applications/microchip/xc32/v4.21/bin/bin/../../lib/gcc/pic32c/8.3.1/../../../../pic32c/lib/thumb/v7e-m+fp/hard/libc-musl.a
LOAD /Applications/microchip/xc32/v4.21/bin/bin/../../lib/gcc/pic32c/8.3.1/../../../../pic32c/lib/thumb/v7e-m+fp/hard/libm-emfloat.a
LOAD /Applications/microchip/xc32/v4.21/bin/bin/../../lib/gcc/pic32c/8.3.1/thumb/v7e-m+fp/hard/libgcc.a
END GROUP
LOAD /Applications/microchip/xc32/v4.21/bin/bin/../../lib/gcc/pic32c/8.3.1/thumb/v7e-m+fp/hard/crtend.o
LOAD /Applications/microchip/xc32/v4.21/bin/bin/../../lib/gcc/pic32c/8.3.1/thumb/v7e-m+fp/hard/crtn.o
OUTPUT(dist/default/debug/Ambient21Click.X.debug.elf elf32-littlearm)
LOAD stack
LOAD data_init

.ARM.attributes
                0x00000000       0x32
 .ARM.attributes
                0x00000000       0x1e /Applications/microchip/xc32/v4.21/bin/bin/../../lib/gcc/pic32c/8.3.1/thumb/v7e-m+fp/hard/crti.o
 .ARM.attributes
                0x0000001e       0x34 /Applications/microchip/xc32/v4.21/bin/bin/../../lib/gcc/pic32c/8.3.1/thumb/v7e-m+fp/hard/crtbegin.o
 .ARM.attributes
                0x00000052       0x34 build/default/debug/_ext/158385033/drv_i2c.o
 .ARM.attributes
                0x00000086       0x34 build/default/debug/_ext/1360937237/DRV_TSL2591.o
 .ARM.attributes
                0x000000ba       0x34 build/default/debug/_ext/1529399856/osal_freertos.o
 .ARM.attributes
                0x000000ee       0x34 build/default/debug/_ext/1984496892/plib_clock.o
 .ARM.attributes
                0x00000122       0x34 build/default/debug/_ext/1986646378/plib_evsys.o
 .ARM.attributes
                0x00000156       0x34 build/default/debug/_ext/1865468468/plib_nvic.o
 .ARM.attributes
                0x0000018a       0x34 build/default/debug/_ext/1593096446/plib_nvmctrl.o
 .ARM.attributes
                0x000001be       0x34 build/default/debug/_ext/1865521619/plib_port.o
 .ARM.attributes
                0x000001f2       0x34 build/default/debug/_ext/508257091/plib_sercom3_i2c_master.o
 .ARM.attributes
                0x00000226       0x34 build/default/debug/_ext/504274921/plib_sercom2_usart.o
 .ARM.attributes
                0x0000025a       0x34 build/default/debug/_ext/163028504/xc32_monitor.o
 .ARM.attributes
                0x0000028e       0x34 build/default/debug/_ext/1171490990/tasks.o
 .ARM.attributes
                0x000002c2       0x34 build/default/debug/_ext/1171490990/startup_xc32.o
 .ARM.attributes
                0x000002f6       0x34 build/default/debug/_ext/1171490990/exceptions.o
 .ARM.attributes
                0x0000032a       0x34 build/default/debug/_ext/1171490990/initialization.o
 .ARM.attributes
                0x0000035e       0x34 build/default/debug/_ext/1171490990/interrupts.o
 .ARM.attributes
                0x00000392       0x34 build/default/debug/_ext/1171490990/freertos_hooks.o
 .ARM.attributes
                0x000003c6       0x34 build/default/debug/_ext/246609638/port.o
 .ARM.attributes
                0x000003fa       0x34 build/default/debug/_ext/1665200909/heap_1.o
 .ARM.attributes
                0x0000042e       0x34 build/default/debug/_ext/404212886/list.o
 .ARM.attributes
                0x00000462       0x34 build/default/debug/_ext/404212886/FreeRTOS_tasks.o
 .ARM.attributes
                0x00000496       0x34 build/default/debug/_ext/404212886/queue.o
 .ARM.attributes
                0x000004ca       0x34 build/default/debug/_ext/1360937237/app.o
 .ARM.attributes
                0x000004fe       0x34 build/default/debug/_ext/1360937237/main.o
 .ARM.attributes
                0x00000532       0x34 /Applications/microchip/xc32/v4.21/bin/bin/../../lib/gcc/pic32c/8.3.1/../../../../pic32c/lib/thumb/v7e-m+fp/hard/libpic32c.a(data_init_wrapper.o)
 .ARM.attributes
                0x00000566       0x34 /Applications/microchip/xc32/v4.21/bin/bin/../../lib/gcc/pic32c/8.3.1/../../../../pic32c/lib/thumb/v7e-m+fp/hard/libpic32c.a(data_init_0_1.o)
 .ARM.attributes
                0x0000059a       0x20 /Applications/microchip/xc32/v4.21/bin/bin/../../lib/gcc/pic32c/8.3.1/../../../../pic32c/lib/thumb/v7e-m+fp/hard/libm-emfloat.a(__aeabi_dsub.o)
 .ARM.attributes
                0x000005ba       0x20 /Applications/microchip/xc32/v4.21/bin/bin/../../lib/gcc/pic32c/8.3.1/../../../../pic32c/lib/thumb/v7e-m+fp/hard/libm-emfloat.a(__aeabi_dmul.o)
 .ARM.attributes
                0x000005da       0x20 /Applications/microchip/xc32/v4.21/bin/bin/../../lib/gcc/pic32c/8.3.1/../../../../pic32c/lib/thumb/v7e-m+fp/hard/libm-emfloat.a(__aeabi_ddiv.o)
 .ARM.attributes
                0x000005fa       0x20 /Applications/microchip/xc32/v4.21/bin/bin/../../lib/gcc/pic32c/8.3.1/../../../../pic32c/lib/thumb/v7e-m+fp/hard/libm-emfloat.a(__aeabi_d2uiz.o)
 .ARM.attributes
                0x0000061a       0x20 /Applications/microchip/xc32/v4.21/bin/bin/../../lib/gcc/pic32c/8.3.1/../../../../pic32c/lib/thumb/v7e-m+fp/hard/libm-emfloat.a(__aeabi_f2d.o)
 .ARM.attributes
                0x0000063a       0x20 /Applications/microchip/xc32/v4.21/bin/bin/../../lib/gcc/pic32c/8.3.1/../../../../pic32c/lib/thumb/v7e-m+fp/hard/libm-emfloat.a(__aeabi_dadd.o)
 .ARM.attributes
                0x0000065a       0x36 /Applications/microchip/xc32/v4.21/bin/bin/../../lib/gcc/pic32c/8.3.1/../../../../pic32c/lib/thumb/v7e-m+fp/hard/libg-musl.a(__libc_start_main.o)
 .ARM.attributes
                0x00000690       0x34 /Applications/microchip/xc32/v4.21/bin/bin/../../lib/gcc/pic32c/8.3.1/../../../../pic32c/lib/thumb/v7e-m+fp/hard/libg-musl.a(libc.o)
 .ARM.attributes
                0x000006c4       0x36 /Applications/microchip/xc32/v4.21/bin/bin/../../lib/gcc/pic32c/8.3.1/../../../../pic32c/lib/thumb/v7e-m+fp/hard/libg-musl.a(__sio_printf_doux.o)
 .ARM.attributes
                0x000006fa       0x36 /Applications/microchip/xc32/v4.21/bin/bin/../../lib/gcc/pic32c/8.3.1/../../../../pic32c/lib/thumb/v7e-m+fp/hard/libg-musl.a(__fmt_d.o)
 .ARM.attributes
                0x00000730       0x36 /Applications/microchip/xc32/v4.21/bin/bin/../../lib/gcc/pic32c/8.3.1/../../../../pic32c/lib/thumb/v7e-m+fp/hard/libg-musl.a(__fmt_o.o)
 .ARM.attributes
                0x00000766       0x36 /Applications/microchip/xc32/v4.21/bin/bin/../../lib/gcc/pic32c/8.3.1/../../../../pic32c/lib/thumb/v7e-m+fp/hard/libg-musl.a(__fmt_s.o)
 .ARM.attributes
                0x0000079c       0x36 /Applications/microchip/xc32/v4.21/bin/bin/../../lib/gcc/pic32c/8.3.1/../../../../pic32c/lib/thumb/v7e-m+fp/hard/libg-musl.a(__fmt_u.o)
 .ARM.attributes
                0x000007d2       0x36 /Applications/microchip/xc32/v4.21/bin/bin/../../lib/gcc/pic32c/8.3.1/../../../../pic32c/lib/thumb/v7e-m+fp/hard/libg-musl.a(__fmt_x.o)
 .ARM.attributes
                0x00000808       0x36 /Applications/microchip/xc32/v4.21/bin/bin/../../lib/gcc/pic32c/8.3.1/../../../../pic32c/lib/thumb/v7e-m+fp/hard/libg-musl.a(__pop_int.o)
 .ARM.attributes
                0x0000083e       0x36 /Applications/microchip/xc32/v4.21/bin/bin/../../lib/gcc/pic32c/8.3.1/../../../../pic32c/lib/thumb/v7e-m+fp/hard/libg-musl.a(__pop_ptr.o)
 .ARM.attributes
                0x00000874       0x36 /Applications/microchip/xc32/v4.21/bin/bin/../../lib/gcc/pic32c/8.3.1/../../../../pic32c/lib/thumb/v7e-m+fp/hard/libg-musl.a(__printf_core.o)
 .ARM.attributes
                0x000008aa       0x36 /Applications/microchip/xc32/v4.21/bin/bin/../../lib/gcc/pic32c/8.3.1/../../../../pic32c/lib/thumb/v7e-m+fp/hard/libg-musl.a(stdin.o)
 .ARM.attributes
                0x000008e0       0x36 /Applications/microchip/xc32/v4.21/bin/bin/../../lib/gcc/pic32c/8.3.1/../../../../pic32c/lib/thumb/v7e-m+fp/hard/libg-musl.a(stdout.o)
 .ARM.attributes
                0x00000916       0x36 /Applications/microchip/xc32/v4.21/bin/bin/../../lib/gcc/pic32c/8.3.1/../../../../pic32c/lib/thumb/v7e-m+fp/hard/libg-musl.a(puts.o)
 .ARM.attributes
                0x0000094c       0x36 /Applications/microchip/xc32/v4.21/bin/bin/../../lib/gcc/pic32c/8.3.1/../../../../pic32c/lib/thumb/v7e-m+fp/hard/libg-musl.a(setbuf.o)
 .ARM.attributes
                0x00000982       0x36 /Applications/microchip/xc32/v4.21/bin/bin/../../lib/gcc/pic32c/8.3.1/../../../../pic32c/lib/thumb/v7e-m+fp/hard/libg-musl.a(atoi.o)
 .ARM.attributes
                0x000009b8       0x36 /Applications/microchip/xc32/v4.21/bin/bin/../../lib/gcc/pic32c/8.3.1/../../../../pic32c/lib/thumb/v7e-m+fp/hard/libg-musl.a(memcpy.o)
 .ARM.attributes
                0x000009ee       0x36 /Applications/microchip/xc32/v4.21/bin/bin/../../lib/gcc/pic32c/8.3.1/../../../../pic32c/lib/thumb/v7e-m+fp/hard/libg-musl.a(memset.o)
 .ARM.attributes
                0x00000a24       0x36 /Applications/microchip/xc32/v4.21/bin/bin/../../lib/gcc/pic32c/8.3.1/../../../../pic32c/lib/thumb/v7e-m+fp/hard/libg-musl.a(strlen.o)
 .ARM.attributes
                0x00000a5a       0x36 /Applications/microchip/xc32/v4.21/bin/bin/../../lib/gcc/pic32c/8.3.1/../../../../pic32c/lib/thumb/v7e-m+fp/hard/libg-musl.a(tolower.o)
 .ARM.attributes
                0x00000a90       0x36 /Applications/microchip/xc32/v4.21/bin/bin/../../lib/gcc/pic32c/8.3.1/../../../../pic32c/lib/thumb/v7e-m+fp/hard/libg-musl.a(toupper.o)
 .ARM.attributes
                0x00000ac6       0x34 /Applications/microchip/xc32/v4.21/bin/bin/../../lib/gcc/pic32c/8.3.1/../../../../pic32c/lib/thumb/v7e-m+fp/hard/libg-musl.a(__environ.o)
 .ARM.attributes
                0x00000afa       0x34 /Applications/microchip/xc32/v4.21/bin/bin/../../lib/gcc/pic32c/8.3.1/../../../../pic32c/lib/thumb/v7e-m+fp/hard/libg-musl.a(__errno_location.o)
 .ARM.attributes
                0x00000b2e       0x36 /Applications/microchip/xc32/v4.21/bin/bin/../../lib/gcc/pic32c/8.3.1/../../../../pic32c/lib/thumb/v7e-m+fp/hard/libg-musl.a(__int_vfprintf.o)
 .ARM.attributes
                0x00000b64       0x36 /Applications/microchip/xc32/v4.21/bin/bin/../../lib/gcc/pic32c/8.3.1/../../../../pic32c/lib/thumb/v7e-m+fp/hard/libg-musl.a(fputs.o)
 .ARM.attributes
                0x00000b9a       0x36 /Applications/microchip/xc32/v4.21/bin/bin/../../lib/gcc/pic32c/8.3.1/../../../../pic32c/lib/thumb/v7e-m+fp/hard/libg-musl.a(__pop_float.o)
 .ARM.attributes
                0x00000bd0       0x36 /Applications/microchip/xc32/v4.21/bin/bin/../../lib/gcc/pic32c/8.3.1/../../../../pic32c/lib/thumb/v7e-m+fp/hard/libg-musl.a(__stdio_read.o)
 .ARM.attributes
                0x00000c06       0x36 /Applications/microchip/xc32/v4.21/bin/bin/../../lib/gcc/pic32c/8.3.1/../../../../pic32c/lib/thumb/v7e-m+fp/hard/libg-musl.a(__towrite_rw.o)
 .ARM.attributes
                0x00000c3c       0x36 /Applications/microchip/xc32/v4.21/bin/bin/../../lib/gcc/pic32c/8.3.1/../../../../pic32c/lib/thumb/v7e-m+fp/hard/libg-musl.a(fwrite.o)
 .ARM.attributes
                0x00000c72       0x36 /Applications/microchip/xc32/v4.21/bin/bin/../../lib/gcc/pic32c/8.3.1/../../../../pic32c/lib/thumb/v7e-m+fp/hard/libg-musl.a(putc.o)
 .ARM.attributes
                0x00000ca8       0x36 /Applications/microchip/xc32/v4.21/bin/bin/../../lib/gcc/pic32c/8.3.1/../../../../pic32c/lib/thumb/v7e-m+fp/hard/libg-musl.a(setvbuf.o)
 .ARM.attributes
                0x00000cde       0x36 /Applications/microchip/xc32/v4.21/bin/bin/../../lib/gcc/pic32c/8.3.1/../../../../pic32c/lib/thumb/v7e-m+fp/hard/libg-musl.a(readv.o)
 .ARM.attributes
                0x00000d14       0x36 /Applications/microchip/xc32/v4.21/bin/bin/../../lib/gcc/pic32c/8.3.1/../../../../pic32c/lib/thumb/v7e-m+fp/hard/libg-musl.a(malloc.o)
 .ARM.attributes
                0x00000d4a       0x36 /Applications/microchip/xc32/v4.21/bin/bin/../../lib/gcc/pic32c/8.3.1/../../../../pic32c/lib/thumb/v7e-m+fp/hard/libg-musl.a(expand_heap.o)
 .ARM.attributes
                0x00000d80       0x36 /Applications/microchip/xc32/v4.21/bin/bin/../../lib/gcc/pic32c/8.3.1/../../../../pic32c/lib/thumb/v7e-m+fp/hard/libg-musl.a(__init_stdio.o)
 .ARM.attributes
                0x00000db6       0x36 /Applications/microchip/xc32/v4.21/bin/bin/../../lib/gcc/pic32c/8.3.1/../../../../pic32c/lib/thumb/v7e-m+fp/hard/libg-musl.a(__out.o)
 .ARM.attributes
                0x00000dec       0x36 /Applications/microchip/xc32/v4.21/bin/bin/../../lib/gcc/pic32c/8.3.1/../../../../pic32c/lib/thumb/v7e-m+fp/hard/libg-musl.a(__putc.o)
 .ARM.attributes
                0x00000e22       0x36 /Applications/microchip/xc32/v4.21/bin/bin/../../lib/gcc/pic32c/8.3.1/../../../../pic32c/lib/thumb/v7e-m+fp/hard/libg-musl.a(__stderr.o)
 .ARM.attributes
                0x00000e58       0x36 /Applications/microchip/xc32/v4.21/bin/bin/../../lib/gcc/pic32c/8.3.1/../../../../pic32c/lib/thumb/v7e-m+fp/hard/libg-musl.a(__stdio_close.o)
 .ARM.attributes
                0x00000e8e       0x36 /Applications/microchip/xc32/v4.21/bin/bin/../../lib/gcc/pic32c/8.3.1/../../../../pic32c/lib/thumb/v7e-m+fp/hard/libg-musl.a(__stdio_write.o)
 .ARM.attributes
                0x00000ec4       0x36 /Applications/microchip/xc32/v4.21/bin/bin/../../lib/gcc/pic32c/8.3.1/../../../../pic32c/lib/thumb/v7e-m+fp/hard/libg-musl.a(__stdout.o)
 .ARM.attributes
                0x00000efa       0x36 /Applications/microchip/xc32/v4.21/bin/bin/../../lib/gcc/pic32c/8.3.1/../../../../pic32c/lib/thumb/v7e-m+fp/hard/libg-musl.a(__towrite.o)
 .ARM.attributes
                0x00000f30       0x36 /Applications/microchip/xc32/v4.21/bin/bin/../../lib/gcc/pic32c/8.3.1/../../../../pic32c/lib/thumb/v7e-m+fp/hard/libg-musl.a(writev.o)
 .ARM.attributes
                0x00000f66       0x36 /Applications/microchip/xc32/v4.21/bin/bin/../../lib/gcc/pic32c/8.3.1/../../../../pic32c/lib/thumb/v7e-m+fp/hard/libg-musl.a(__overflow.o)
 .ARM.attributes
                0x00000f9c       0x36 /Applications/microchip/xc32/v4.21/bin/bin/../../lib/gcc/pic32c/8.3.1/../../../../pic32c/lib/thumb/v7e-m+fp/hard/libg-musl.a(__fwrite.o)
 .ARM.attributes
                0x00000fd2       0x1e /Applications/microchip/xc32/v4.21/bin/bin/../../lib/gcc/pic32c/8.3.1/thumb/v7e-m+fp/hard/libgcc.a(_aeabi_uldivmod.o)
 .ARM.attributes
                0x00000ff0       0x34 /Applications/microchip/xc32/v4.21/bin/bin/../../lib/gcc/pic32c/8.3.1/thumb/v7e-m+fp/hard/libgcc.a(_udivmoddi4.o)
 .ARM.attributes
                0x00001024       0x1e /Applications/microchip/xc32/v4.21/bin/bin/../../lib/gcc/pic32c/8.3.1/thumb/v7e-m+fp/hard/libgcc.a(_dvmd_tls.o)
 .ARM.attributes
                0x00001042       0x34 /Applications/microchip/xc32/v4.21/bin/bin/../../lib/gcc/pic32c/8.3.1/../../../../pic32c/lib/thumb/v7e-m+fp/hard/libpic32c.a(close.o)
 .ARM.attributes
                0x00001076       0x34 /Applications/microchip/xc32/v4.21/bin/bin/../../lib/gcc/pic32c/8.3.1/../../../../pic32c/lib/thumb/v7e-m+fp/hard/libpic32c.a(lseek.o)
 .ARM.attributes
                0x000010aa       0x34 /Applications/microchip/xc32/v4.21/bin/bin/../../lib/gcc/pic32c/8.3.1/../../../../pic32c/lib/thumb/v7e-m+fp/hard/libpic32c.a(sbrk.o)
 .ARM.attributes
                0x000010de       0x1e /Applications/microchip/xc32/v4.21/bin/bin/../../lib/gcc/pic32c/8.3.1/thumb/v7e-m+fp/hard/crtn.o

.comment        0x00000000       0x2b
 .comment       0x00000000       0x2b /Applications/microchip/xc32/v4.21/bin/bin/../../lib/gcc/pic32c/8.3.1/thumb/v7e-m+fp/hard/crtbegin.o
                                 0x2c (size before relaxing)
 .comment       0x0000002b       0x2c build/default/debug/_ext/158385033/drv_i2c.o
 .comment       0x0000002b       0x2c build/default/debug/_ext/1360937237/DRV_TSL2591.o
 .comment       0x0000002b       0x2c build/default/debug/_ext/1529399856/osal_freertos.o
 .comment       0x0000002b       0x2c build/default/debug/_ext/1984496892/plib_clock.o
 .comment       0x0000002b       0x2c build/default/debug/_ext/1986646378/plib_evsys.o
 .comment       0x0000002b       0x2c build/default/debug/_ext/1865468468/plib_nvic.o
 .comment       0x0000002b       0x2c build/default/debug/_ext/1593096446/plib_nvmctrl.o
 .comment       0x0000002b       0x2c build/default/debug/_ext/1865521619/plib_port.o
 .comment       0x0000002b       0x2c build/default/debug/_ext/508257091/plib_sercom3_i2c_master.o
 .comment       0x0000002b       0x2c build/default/debug/_ext/504274921/plib_sercom2_usart.o
 .comment       0x0000002b       0x2c build/default/debug/_ext/163028504/xc32_monitor.o
 .comment       0x0000002b       0x2c build/default/debug/_ext/1171490990/tasks.o
 .comment       0x0000002b       0x2c build/default/debug/_ext/1171490990/startup_xc32.o
 .comment       0x0000002b       0x2c build/default/debug/_ext/1171490990/exceptions.o
 .comment       0x0000002b       0x2c build/default/debug/_ext/1171490990/initialization.o
 .comment       0x0000002b       0x2c build/default/debug/_ext/1171490990/interrupts.o
 .comment       0x0000002b       0x2c build/default/debug/_ext/1171490990/freertos_hooks.o
 .comment       0x0000002b       0x2c build/default/debug/_ext/246609638/port.o
 .comment       0x0000002b       0x2c build/default/debug/_ext/1665200909/heap_1.o
 .comment       0x0000002b       0x2c build/default/debug/_ext/404212886/list.o
 .comment       0x0000002b       0x2c build/default/debug/_ext/404212886/FreeRTOS_tasks.o
 .comment       0x0000002b       0x2c build/default/debug/_ext/404212886/queue.o
 .comment       0x0000002b       0x2c build/default/debug/_ext/1360937237/app.o
 .comment       0x0000002b       0x2c build/default/debug/_ext/1360937237/main.o
 .comment       0x0000002b       0x2c /Applications/microchip/xc32/v4.21/bin/bin/../../lib/gcc/pic32c/8.3.1/../../../../pic32c/lib/thumb/v7e-m+fp/hard/libpic32c.a(data_init_wrapper.o)
 .comment       0x0000002b       0x2c /Applications/microchip/xc32/v4.21/bin/bin/../../lib/gcc/pic32c/8.3.1/../../../../pic32c/lib/thumb/v7e-m+fp/hard/libpic32c.a(data_init_0_1.o)
 .comment       0x0000002b       0x2c /Applications/microchip/xc32/v4.21/bin/bin/../../lib/gcc/pic32c/8.3.1/../../../../pic32c/lib/thumb/v7e-m+fp/hard/libg-musl.a(__libc_start_main.o)
 .comment       0x0000002b       0x2c /Applications/microchip/xc32/v4.21/bin/bin/../../lib/gcc/pic32c/8.3.1/../../../../pic32c/lib/thumb/v7e-m+fp/hard/libg-musl.a(libc.o)
 .comment       0x0000002b       0x2c /Applications/microchip/xc32/v4.21/bin/bin/../../lib/gcc/pic32c/8.3.1/../../../../pic32c/lib/thumb/v7e-m+fp/hard/libg-musl.a(__sio_printf_doux.o)
 .comment       0x0000002b       0x2c /Applications/microchip/xc32/v4.21/bin/bin/../../lib/gcc/pic32c/8.3.1/../../../../pic32c/lib/thumb/v7e-m+fp/hard/libg-musl.a(__fmt_d.o)
 .comment       0x0000002b       0x2c /Applications/microchip/xc32/v4.21/bin/bin/../../lib/gcc/pic32c/8.3.1/../../../../pic32c/lib/thumb/v7e-m+fp/hard/libg-musl.a(__fmt_o.o)
 .comment       0x0000002b       0x2c /Applications/microchip/xc32/v4.21/bin/bin/../../lib/gcc/pic32c/8.3.1/../../../../pic32c/lib/thumb/v7e-m+fp/hard/libg-musl.a(__fmt_s.o)
 .comment       0x0000002b       0x2c /Applications/microchip/xc32/v4.21/bin/bin/../../lib/gcc/pic32c/8.3.1/../../../../pic32c/lib/thumb/v7e-m+fp/hard/libg-musl.a(__fmt_u.o)
 .comment       0x0000002b       0x2c /Applications/microchip/xc32/v4.21/bin/bin/../../lib/gcc/pic32c/8.3.1/../../../../pic32c/lib/thumb/v7e-m+fp/hard/libg-musl.a(__fmt_x.o)
 .comment       0x0000002b       0x2c /Applications/microchip/xc32/v4.21/bin/bin/../../lib/gcc/pic32c/8.3.1/../../../../pic32c/lib/thumb/v7e-m+fp/hard/libg-musl.a(__pop_int.o)
 .comment       0x0000002b       0x2c /Applications/microchip/xc32/v4.21/bin/bin/../../lib/gcc/pic32c/8.3.1/../../../../pic32c/lib/thumb/v7e-m+fp/hard/libg-musl.a(__pop_ptr.o)
 .comment       0x0000002b       0x2c /Applications/microchip/xc32/v4.21/bin/bin/../../lib/gcc/pic32c/8.3.1/../../../../pic32c/lib/thumb/v7e-m+fp/hard/libg-musl.a(__printf_core.o)
 .comment       0x0000002b       0x2c /Applications/microchip/xc32/v4.21/bin/bin/../../lib/gcc/pic32c/8.3.1/../../../../pic32c/lib/thumb/v7e-m+fp/hard/libg-musl.a(stdin.o)
 .comment       0x0000002b       0x2c /Applications/microchip/xc32/v4.21/bin/bin/../../lib/gcc/pic32c/8.3.1/../../../../pic32c/lib/thumb/v7e-m+fp/hard/libg-musl.a(stdout.o)
 .comment       0x0000002b       0x2c /Applications/microchip/xc32/v4.21/bin/bin/../../lib/gcc/pic32c/8.3.1/../../../../pic32c/lib/thumb/v7e-m+fp/hard/libg-musl.a(puts.o)
 .comment       0x0000002b       0x2c /Applications/microchip/xc32/v4.21/bin/bin/../../lib/gcc/pic32c/8.3.1/../../../../pic32c/lib/thumb/v7e-m+fp/hard/libg-musl.a(setbuf.o)
 .comment       0x0000002b       0x2c /Applications/microchip/xc32/v4.21/bin/bin/../../lib/gcc/pic32c/8.3.1/../../../../pic32c/lib/thumb/v7e-m+fp/hard/libg-musl.a(atoi.o)
 .comment       0x0000002b       0x2c /Applications/microchip/xc32/v4.21/bin/bin/../../lib/gcc/pic32c/8.3.1/../../../../pic32c/lib/thumb/v7e-m+fp/hard/libg-musl.a(memcpy.o)
 .comment       0x0000002b       0x2c /Applications/microchip/xc32/v4.21/bin/bin/../../lib/gcc/pic32c/8.3.1/../../../../pic32c/lib/thumb/v7e-m+fp/hard/libg-musl.a(memset.o)
 .comment       0x0000002b       0x2c /Applications/microchip/xc32/v4.21/bin/bin/../../lib/gcc/pic32c/8.3.1/../../../../pic32c/lib/thumb/v7e-m+fp/hard/libg-musl.a(strlen.o)
 .comment       0x0000002b       0x2c /Applications/microchip/xc32/v4.21/bin/bin/../../lib/gcc/pic32c/8.3.1/../../../../pic32c/lib/thumb/v7e-m+fp/hard/libg-musl.a(tolower.o)
 .comment       0x0000002b       0x2c /Applications/microchip/xc32/v4.21/bin/bin/../../lib/gcc/pic32c/8.3.1/../../../../pic32c/lib/thumb/v7e-m+fp/hard/libg-musl.a(toupper.o)
 .comment       0x0000002b       0x2c /Applications/microchip/xc32/v4.21/bin/bin/../../lib/gcc/pic32c/8.3.1/../../../../pic32c/lib/thumb/v7e-m+fp/hard/libg-musl.a(__environ.o)
 .comment       0x0000002b       0x2c /Applications/microchip/xc32/v4.21/bin/bin/../../lib/gcc/pic32c/8.3.1/../../../../pic32c/lib/thumb/v7e-m+fp/hard/libg-musl.a(__errno_location.o)
 .comment       0x0000002b       0x2c /Applications/microchip/xc32/v4.21/bin/bin/../../lib/gcc/pic32c/8.3.1/../../../../pic32c/lib/thumb/v7e-m+fp/hard/libg-musl.a(__int_vfprintf.o)
 .comment       0x0000002b       0x2c /Applications/microchip/xc32/v4.21/bin/bin/../../lib/gcc/pic32c/8.3.1/../../../../pic32c/lib/thumb/v7e-m+fp/hard/libg-musl.a(fputs.o)
 .comment       0x0000002b       0x2c /Applications/microchip/xc32/v4.21/bin/bin/../../lib/gcc/pic32c/8.3.1/../../../../pic32c/lib/thumb/v7e-m+fp/hard/libg-musl.a(__pop_float.o)
 .comment       0x0000002b       0x2c /Applications/microchip/xc32/v4.21/bin/bin/../../lib/gcc/pic32c/8.3.1/../../../../pic32c/lib/thumb/v7e-m+fp/hard/libg-musl.a(__stdio_read.o)
 .comment       0x0000002b       0x2c /Applications/microchip/xc32/v4.21/bin/bin/../../lib/gcc/pic32c/8.3.1/../../../../pic32c/lib/thumb/v7e-m+fp/hard/libg-musl.a(__towrite_rw.o)
 .comment       0x0000002b       0x2c /Applications/microchip/xc32/v4.21/bin/bin/../../lib/gcc/pic32c/8.3.1/../../../../pic32c/lib/thumb/v7e-m+fp/hard/libg-musl.a(fwrite.o)
 .comment       0x0000002b       0x2c /Applications/microchip/xc32/v4.21/bin/bin/../../lib/gcc/pic32c/8.3.1/../../../../pic32c/lib/thumb/v7e-m+fp/hard/libg-musl.a(putc.o)
 .comment       0x0000002b       0x2c /Applications/microchip/xc32/v4.21/bin/bin/../../lib/gcc/pic32c/8.3.1/../../../../pic32c/lib/thumb/v7e-m+fp/hard/libg-musl.a(setvbuf.o)
 .comment       0x0000002b       0x2c /Applications/microchip/xc32/v4.21/bin/bin/../../lib/gcc/pic32c/8.3.1/../../../../pic32c/lib/thumb/v7e-m+fp/hard/libg-musl.a(readv.o)
 .comment       0x0000002b       0x2c /Applications/microchip/xc32/v4.21/bin/bin/../../lib/gcc/pic32c/8.3.1/../../../../pic32c/lib/thumb/v7e-m+fp/hard/libg-musl.a(malloc.o)
 .comment       0x0000002b       0x2c /Applications/microchip/xc32/v4.21/bin/bin/../../lib/gcc/pic32c/8.3.1/../../../../pic32c/lib/thumb/v7e-m+fp/hard/libg-musl.a(expand_heap.o)
 .comment       0x0000002b       0x2c /Applications/microchip/xc32/v4.21/bin/bin/../../lib/gcc/pic32c/8.3.1/../../../../pic32c/lib/thumb/v7e-m+fp/hard/libg-musl.a(__init_stdio.o)
 .comment       0x0000002b       0x2c /Applications/microchip/xc32/v4.21/bin/bin/../../lib/gcc/pic32c/8.3.1/../../../../pic32c/lib/thumb/v7e-m+fp/hard/libg-musl.a(__out.o)
 .comment       0x0000002b       0x2c /Applications/microchip/xc32/v4.21/bin/bin/../../lib/gcc/pic32c/8.3.1/../../../../pic32c/lib/thumb/v7e-m+fp/hard/libg-musl.a(__putc.o)
 .comment       0x0000002b       0x2c /Applications/microchip/xc32/v4.21/bin/bin/../../lib/gcc/pic32c/8.3.1/../../../../pic32c/lib/thumb/v7e-m+fp/hard/libg-musl.a(__stderr.o)
 .comment       0x0000002b       0x2c /Applications/microchip/xc32/v4.21/bin/bin/../../lib/gcc/pic32c/8.3.1/../../../../pic32c/lib/thumb/v7e-m+fp/hard/libg-musl.a(__stdio_close.o)
 .comment       0x0000002b       0x2c /Applications/microchip/xc32/v4.21/bin/bin/../../lib/gcc/pic32c/8.3.1/../../../../pic32c/lib/thumb/v7e-m+fp/hard/libg-musl.a(__stdio_write.o)
 .comment       0x0000002b       0x2c /Applications/microchip/xc32/v4.21/bin/bin/../../lib/gcc/pic32c/8.3.1/../../../../pic32c/lib/thumb/v7e-m+fp/hard/libg-musl.a(__stdout.o)
 .comment       0x0000002b       0x2c /Applications/microchip/xc32/v4.21/bin/bin/../../lib/gcc/pic32c/8.3.1/../../../../pic32c/lib/thumb/v7e-m+fp/hard/libg-musl.a(__towrite.o)
 .comment       0x0000002b       0x2c /Applications/microchip/xc32/v4.21/bin/bin/../../lib/gcc/pic32c/8.3.1/../../../../pic32c/lib/thumb/v7e-m+fp/hard/libg-musl.a(writev.o)
 .comment       0x0000002b       0x2c /Applications/microchip/xc32/v4.21/bin/bin/../../lib/gcc/pic32c/8.3.1/../../../../pic32c/lib/thumb/v7e-m+fp/hard/libg-musl.a(__overflow.o)
 .comment       0x0000002b       0x2c /Applications/microchip/xc32/v4.21/bin/bin/../../lib/gcc/pic32c/8.3.1/../../../../pic32c/lib/thumb/v7e-m+fp/hard/libg-musl.a(__fwrite.o)
 .comment       0x0000002b       0x2c /Applications/microchip/xc32/v4.21/bin/bin/../../lib/gcc/pic32c/8.3.1/thumb/v7e-m+fp/hard/libgcc.a(_udivmoddi4.o)
 .comment       0x0000002b       0x2c /Applications/microchip/xc32/v4.21/bin/bin/../../lib/gcc/pic32c/8.3.1/../../../../pic32c/lib/thumb/v7e-m+fp/hard/libpic32c.a(close.o)
 .comment       0x0000002b       0x2c /Applications/microchip/xc32/v4.21/bin/bin/../../lib/gcc/pic32c/8.3.1/../../../../pic32c/lib/thumb/v7e-m+fp/hard/libpic32c.a(lseek.o)
 .comment       0x0000002b       0x2c /Applications/microchip/xc32/v4.21/bin/bin/../../lib/gcc/pic32c/8.3.1/../../../../pic32c/lib/thumb/v7e-m+fp/hard/libpic32c.a(sbrk.o)

.debug_info     0x00000000    0x24d92
 .debug_info    0x00000000     0x1827 build/default/debug/_ext/158385033/drv_i2c.o
 .debug_info    0x00001827      0xa7d build/default/debug/_ext/1360937237/DRV_TSL2591.o
 .debug_info    0x000022a4      0xb7c build/default/debug/_ext/1529399856/osal_freertos.o
 .debug_info    0x00002e20      0xb3c build/default/debug/_ext/1984496892/plib_clock.o
 .debug_info    0x0000395c      0x2f8 build/default/debug/_ext/1986646378/plib_evsys.o
 .debug_info    0x00003c54     0x150d build/default/debug/_ext/1865468468/plib_nvic.o
 .debug_info    0x00005161      0xe37 build/default/debug/_ext/1593096446/plib_nvmctrl.o
 .debug_info    0x00005f98     0x109f build/default/debug/_ext/1865521619/plib_port.o
 .debug_info    0x00007037     0x1873 build/default/debug/_ext/508257091/plib_sercom3_i2c_master.o
 .debug_info    0x000088aa     0x1515 build/default/debug/_ext/504274921/plib_sercom2_usart.o
 .debug_info    0x00009dbf      0x440 build/default/debug/_ext/163028504/xc32_monitor.o
 .debug_info    0x0000a1ff      0x467 build/default/debug/_ext/1171490990/tasks.o
 .debug_info    0x0000a666      0x873 build/default/debug/_ext/1171490990/startup_xc32.o
 .debug_info    0x0000aed9      0x3c3 build/default/debug/_ext/1171490990/exceptions.o
 .debug_info    0x0000b29c      0xe5e build/default/debug/_ext/1171490990/initialization.o
 .debug_info    0x0000c0fa     0x16c2 build/default/debug/_ext/1171490990/interrupts.o
 .debug_info    0x0000d7bc      0x50a build/default/debug/_ext/1171490990/freertos_hooks.o
 .debug_info    0x0000dcc6      0x765 build/default/debug/_ext/246609638/port.o
 .debug_info    0x0000e42b      0x4c5 build/default/debug/_ext/1665200909/heap_1.o
 .debug_info    0x0000e8f0      0x612 build/default/debug/_ext/404212886/list.o
 .debug_info    0x0000ef02     0x3152 build/default/debug/_ext/404212886/FreeRTOS_tasks.o
 .debug_info    0x00012054     0x21cc build/default/debug/_ext/404212886/queue.o
 .debug_info    0x00014220      0x5ee build/default/debug/_ext/1360937237/app.o
 .debug_info    0x0001480e      0x34a build/default/debug/_ext/1360937237/main.o
 .debug_info    0x00014b58      0x2a0 /Applications/microchip/xc32/v4.21/bin/bin/../../lib/gcc/pic32c/8.3.1/../../../../pic32c/lib/thumb/v7e-m+fp/hard/libpic32c.a(data_init_wrapper.o)
 .debug_info    0x00014df8      0x2a3 /Applications/microchip/xc32/v4.21/bin/bin/../../lib/gcc/pic32c/8.3.1/../../../../pic32c/lib/thumb/v7e-m+fp/hard/libpic32c.a(data_init_0_1.o)
 .debug_info    0x0001509b      0x621 /Applications/microchip/xc32/v4.21/bin/bin/../../lib/gcc/pic32c/8.3.1/../../../../pic32c/lib/thumb/v7e-m+fp/hard/libg-musl.a(__libc_start_main.o)
 .debug_info    0x000156bc      0x533 /Applications/microchip/xc32/v4.21/bin/bin/../../lib/gcc/pic32c/8.3.1/../../../../pic32c/lib/thumb/v7e-m+fp/hard/libg-musl.a(libc.o)
 .debug_info    0x00015bef      0x498 /Applications/microchip/xc32/v4.21/bin/bin/../../lib/gcc/pic32c/8.3.1/../../../../pic32c/lib/thumb/v7e-m+fp/hard/libg-musl.a(__sio_printf_doux.o)
 .debug_info    0x00016087      0x5c0 /Applications/microchip/xc32/v4.21/bin/bin/../../lib/gcc/pic32c/8.3.1/../../../../pic32c/lib/thumb/v7e-m+fp/hard/libg-musl.a(__fmt_d.o)
 .debug_info    0x00016647      0x591 /Applications/microchip/xc32/v4.21/bin/bin/../../lib/gcc/pic32c/8.3.1/../../../../pic32c/lib/thumb/v7e-m+fp/hard/libg-musl.a(__fmt_o.o)
 .debug_info    0x00016bd8      0x535 /Applications/microchip/xc32/v4.21/bin/bin/../../lib/gcc/pic32c/8.3.1/../../../../pic32c/lib/thumb/v7e-m+fp/hard/libg-musl.a(__fmt_s.o)
 .debug_info    0x0001710d      0x65e /Applications/microchip/xc32/v4.21/bin/bin/../../lib/gcc/pic32c/8.3.1/../../../../pic32c/lib/thumb/v7e-m+fp/hard/libg-musl.a(__fmt_u.o)
 .debug_info    0x0001776b      0x5ff /Applications/microchip/xc32/v4.21/bin/bin/../../lib/gcc/pic32c/8.3.1/../../../../pic32c/lib/thumb/v7e-m+fp/hard/libg-musl.a(__fmt_x.o)
 .debug_info    0x00017d6a      0x3ff /Applications/microchip/xc32/v4.21/bin/bin/../../lib/gcc/pic32c/8.3.1/../../../../pic32c/lib/thumb/v7e-m+fp/hard/libg-musl.a(__pop_int.o)
 .debug_info    0x00018169      0x405 /Applications/microchip/xc32/v4.21/bin/bin/../../lib/gcc/pic32c/8.3.1/../../../../pic32c/lib/thumb/v7e-m+fp/hard/libg-musl.a(__pop_ptr.o)
 .debug_info    0x0001856e      0xd31 /Applications/microchip/xc32/v4.21/bin/bin/../../lib/gcc/pic32c/8.3.1/../../../../pic32c/lib/thumb/v7e-m+fp/hard/libg-musl.a(__printf_core.o)
 .debug_info    0x0001929f      0x6be /Applications/microchip/xc32/v4.21/bin/bin/../../lib/gcc/pic32c/8.3.1/../../../../pic32c/lib/thumb/v7e-m+fp/hard/libg-musl.a(stdin.o)
 .debug_info    0x0001995d      0x481 /Applications/microchip/xc32/v4.21/bin/bin/../../lib/gcc/pic32c/8.3.1/../../../../pic32c/lib/thumb/v7e-m+fp/hard/libg-musl.a(stdout.o)
 .debug_info    0x00019dde      0x645 /Applications/microchip/xc32/v4.21/bin/bin/../../lib/gcc/pic32c/8.3.1/../../../../pic32c/lib/thumb/v7e-m+fp/hard/libg-musl.a(puts.o)
 .debug_info    0x0001a423      0x2e1 /Applications/microchip/xc32/v4.21/bin/bin/../../lib/gcc/pic32c/8.3.1/../../../../pic32c/lib/thumb/v7e-m+fp/hard/libg-musl.a(setbuf.o)
 .debug_info    0x0001a704      0x2f9 /Applications/microchip/xc32/v4.21/bin/bin/../../lib/gcc/pic32c/8.3.1/../../../../pic32c/lib/thumb/v7e-m+fp/hard/libg-musl.a(atoi.o)
 .debug_info    0x0001a9fd      0x2ef /Applications/microchip/xc32/v4.21/bin/bin/../../lib/gcc/pic32c/8.3.1/../../../../pic32c/lib/thumb/v7e-m+fp/hard/libg-musl.a(memcpy.o)
 .debug_info    0x0001acec      0x2b3 /Applications/microchip/xc32/v4.21/bin/bin/../../lib/gcc/pic32c/8.3.1/../../../../pic32c/lib/thumb/v7e-m+fp/hard/libg-musl.a(memset.o)
 .debug_info    0x0001af9f      0x2a4 /Applications/microchip/xc32/v4.21/bin/bin/../../lib/gcc/pic32c/8.3.1/../../../../pic32c/lib/thumb/v7e-m+fp/hard/libg-musl.a(strlen.o)
 .debug_info    0x0001b243      0x351 /Applications/microchip/xc32/v4.21/bin/bin/../../lib/gcc/pic32c/8.3.1/../../../../pic32c/lib/thumb/v7e-m+fp/hard/libg-musl.a(tolower.o)
 .debug_info    0x0001b594      0x351 /Applications/microchip/xc32/v4.21/bin/bin/../../lib/gcc/pic32c/8.3.1/../../../../pic32c/lib/thumb/v7e-m+fp/hard/libg-musl.a(toupper.o)
 .debug_info    0x0001b8e5      0x2ad /Applications/microchip/xc32/v4.21/bin/bin/../../lib/gcc/pic32c/8.3.1/../../../../pic32c/lib/thumb/v7e-m+fp/hard/libg-musl.a(__environ.o)
 .debug_info    0x0001bb92      0x271 /Applications/microchip/xc32/v4.21/bin/bin/../../lib/gcc/pic32c/8.3.1/../../../../pic32c/lib/thumb/v7e-m+fp/hard/libg-musl.a(__errno_location.o)
 .debug_info    0x0001be03      0x477 /Applications/microchip/xc32/v4.21/bin/bin/../../lib/gcc/pic32c/8.3.1/../../../../pic32c/lib/thumb/v7e-m+fp/hard/libg-musl.a(__int_vfprintf.o)
 .debug_info    0x0001c27a      0x655 /Applications/microchip/xc32/v4.21/bin/bin/../../lib/gcc/pic32c/8.3.1/../../../../pic32c/lib/thumb/v7e-m+fp/hard/libg-musl.a(fputs.o)
 .debug_info    0x0001c8cf      0x3db /Applications/microchip/xc32/v4.21/bin/bin/../../lib/gcc/pic32c/8.3.1/../../../../pic32c/lib/thumb/v7e-m+fp/hard/libg-musl.a(__pop_float.o)
 .debug_info    0x0001ccaa      0x6a8 /Applications/microchip/xc32/v4.21/bin/bin/../../lib/gcc/pic32c/8.3.1/../../../../pic32c/lib/thumb/v7e-m+fp/hard/libg-musl.a(__stdio_read.o)
 .debug_info    0x0001d352      0x5d7 /Applications/microchip/xc32/v4.21/bin/bin/../../lib/gcc/pic32c/8.3.1/../../../../pic32c/lib/thumb/v7e-m+fp/hard/libg-musl.a(__towrite_rw.o)
 .debug_info    0x0001d929      0x4d1 /Applications/microchip/xc32/v4.21/bin/bin/../../lib/gcc/pic32c/8.3.1/../../../../pic32c/lib/thumb/v7e-m+fp/hard/libg-musl.a(fwrite.o)
 .debug_info    0x0001ddfa      0x4a5 /Applications/microchip/xc32/v4.21/bin/bin/../../lib/gcc/pic32c/8.3.1/../../../../pic32c/lib/thumb/v7e-m+fp/hard/libg-musl.a(putc.o)
 .debug_info    0x0001e29f      0x54b /Applications/microchip/xc32/v4.21/bin/bin/../../lib/gcc/pic32c/8.3.1/../../../../pic32c/lib/thumb/v7e-m+fp/hard/libg-musl.a(setvbuf.o)
 .debug_info    0x0001e7ea      0x364 /Applications/microchip/xc32/v4.21/bin/bin/../../lib/gcc/pic32c/8.3.1/../../../../pic32c/lib/thumb/v7e-m+fp/hard/libg-musl.a(readv.o)
 .debug_info    0x0001eb4e     0x13a3 /Applications/microchip/xc32/v4.21/bin/bin/../../lib/gcc/pic32c/8.3.1/../../../../pic32c/lib/thumb/v7e-m+fp/hard/libg-musl.a(malloc.o)
 .debug_info    0x0001fef1      0x37a /Applications/microchip/xc32/v4.21/bin/bin/../../lib/gcc/pic32c/8.3.1/../../../../pic32c/lib/thumb/v7e-m+fp/hard/libg-musl.a(expand_heap.o)
 .debug_info    0x0002026b      0x32a /Applications/microchip/xc32/v4.21/bin/bin/../../lib/gcc/pic32c/8.3.1/../../../../pic32c/lib/thumb/v7e-m+fp/hard/libg-musl.a(__init_stdio.o)
 .debug_info    0x00020595      0x536 /Applications/microchip/xc32/v4.21/bin/bin/../../lib/gcc/pic32c/8.3.1/../../../../pic32c/lib/thumb/v7e-m+fp/hard/libg-musl.a(__out.o)
 .debug_info    0x00020acb      0x503 /Applications/microchip/xc32/v4.21/bin/bin/../../lib/gcc/pic32c/8.3.1/../../../../pic32c/lib/thumb/v7e-m+fp/hard/libg-musl.a(__putc.o)
 .debug_info    0x00020fce      0x662 /Applications/microchip/xc32/v4.21/bin/bin/../../lib/gcc/pic32c/8.3.1/../../../../pic32c/lib/thumb/v7e-m+fp/hard/libg-musl.a(__stderr.o)
 .debug_info    0x00021630      0x6c2 /Applications/microchip/xc32/v4.21/bin/bin/../../lib/gcc/pic32c/8.3.1/../../../../pic32c/lib/thumb/v7e-m+fp/hard/libg-musl.a(__stdio_close.o)
 .debug_info    0x00021cf2      0x6f5 /Applications/microchip/xc32/v4.21/bin/bin/../../lib/gcc/pic32c/8.3.1/../../../../pic32c/lib/thumb/v7e-m+fp/hard/libg-musl.a(__stdio_write.o)
 .debug_info    0x000223e7      0x662 /Applications/microchip/xc32/v4.21/bin/bin/../../lib/gcc/pic32c/8.3.1/../../../../pic32c/lib/thumb/v7e-m+fp/hard/libg-musl.a(__stdout.o)
 .debug_info    0x00022a49      0x4f3 /Applications/microchip/xc32/v4.21/bin/bin/../../lib/gcc/pic32c/8.3.1/../../../../pic32c/lib/thumb/v7e-m+fp/hard/libg-musl.a(__towrite.o)
 .debug_info    0x00022f3c      0x368 /Applications/microchip/xc32/v4.21/bin/bin/../../lib/gcc/pic32c/8.3.1/../../../../pic32c/lib/thumb/v7e-m+fp/hard/libg-musl.a(writev.o)
 .debug_info    0x000232a4      0x625 /Applications/microchip/xc32/v4.21/bin/bin/../../lib/gcc/pic32c/8.3.1/../../../../pic32c/lib/thumb/v7e-m+fp/hard/libg-musl.a(__overflow.o)
 .debug_info    0x000238c9      0x544 /Applications/microchip/xc32/v4.21/bin/bin/../../lib/gcc/pic32c/8.3.1/../../../../pic32c/lib/thumb/v7e-m+fp/hard/libg-musl.a(__fwrite.o)
 .debug_info    0x00023e0d       0x26 /Applications/microchip/xc32/v4.21/bin/bin/../../lib/gcc/pic32c/8.3.1/thumb/v7e-m+fp/hard/libgcc.a(_aeabi_uldivmod.o)
 .debug_info    0x00023e33      0x7c0 /Applications/microchip/xc32/v4.21/bin/bin/../../lib/gcc/pic32c/8.3.1/thumb/v7e-m+fp/hard/libgcc.a(_udivmoddi4.o)
 .debug_info    0x000245f3       0x26 /Applications/microchip/xc32/v4.21/bin/bin/../../lib/gcc/pic32c/8.3.1/thumb/v7e-m+fp/hard/libgcc.a(_dvmd_tls.o)
 .debug_info    0x00024619      0x27e /Applications/microchip/xc32/v4.21/bin/bin/../../lib/gcc/pic32c/8.3.1/../../../../pic32c/lib/thumb/v7e-m+fp/hard/libpic32c.a(close.o)
 .debug_info    0x00024897      0x27e /Applications/microchip/xc32/v4.21/bin/bin/../../lib/gcc/pic32c/8.3.1/../../../../pic32c/lib/thumb/v7e-m+fp/hard/libpic32c.a(lseek.o)
 .debug_info    0x00024b15      0x27d /Applications/microchip/xc32/v4.21/bin/bin/../../lib/gcc/pic32c/8.3.1/../../../../pic32c/lib/thumb/v7e-m+fp/hard/libpic32c.a(sbrk.o)

.debug_abbrev   0x00000000     0x5e88
 .debug_abbrev  0x00000000      0x38d build/default/debug/_ext/158385033/drv_i2c.o
 .debug_abbrev  0x0000038d      0x1b8 build/default/debug/_ext/1360937237/DRV_TSL2591.o
 .debug_abbrev  0x00000545      0x1ea build/default/debug/_ext/1529399856/osal_freertos.o
 .debug_abbrev  0x0000072f      0x122 build/default/debug/_ext/1984496892/plib_clock.o
 .debug_abbrev  0x00000851       0x3b build/default/debug/_ext/1986646378/plib_evsys.o
 .debug_abbrev  0x0000088c      0x1f3 build/default/debug/_ext/1865468468/plib_nvic.o
 .debug_abbrev  0x00000a7f      0x245 build/default/debug/_ext/1593096446/plib_nvmctrl.o
 .debug_abbrev  0x00000cc4      0x1d6 build/default/debug/_ext/1865521619/plib_port.o
 .debug_abbrev  0x00000e9a      0x3da build/default/debug/_ext/508257091/plib_sercom3_i2c_master.o
 .debug_abbrev  0x00001274      0x2a1 build/default/debug/_ext/504274921/plib_sercom2_usart.o
 .debug_abbrev  0x00001515       0xb9 build/default/debug/_ext/163028504/xc32_monitor.o
 .debug_abbrev  0x000015ce      0x102 build/default/debug/_ext/1171490990/tasks.o
 .debug_abbrev  0x000016d0      0x1db build/default/debug/_ext/1171490990/startup_xc32.o
 .debug_abbrev  0x000018ab       0x3e build/default/debug/_ext/1171490990/exceptions.o
 .debug_abbrev  0x000018e9      0x238 build/default/debug/_ext/1171490990/initialization.o
 .debug_abbrev  0x00001b21       0xb5 build/default/debug/_ext/1171490990/interrupts.o
 .debug_abbrev  0x00001bd6      0x14e build/default/debug/_ext/1171490990/freertos_hooks.o
 .debug_abbrev  0x00001d24      0x226 build/default/debug/_ext/246609638/port.o
 .debug_abbrev  0x00001f4a      0x14e build/default/debug/_ext/1665200909/heap_1.o
 .debug_abbrev  0x00002098      0x15e build/default/debug/_ext/404212886/list.o
 .debug_abbrev  0x000021f6      0x46f build/default/debug/_ext/404212886/FreeRTOS_tasks.o
 .debug_abbrev  0x00002665      0x367 build/default/debug/_ext/404212886/queue.o
 .debug_abbrev  0x000029cc      0x160 build/default/debug/_ext/1360937237/app.o
 .debug_abbrev  0x00002b2c       0x89 build/default/debug/_ext/1360937237/main.o
 .debug_abbrev  0x00002bb5       0x2b /Applications/microchip/xc32/v4.21/bin/bin/../../lib/gcc/pic32c/8.3.1/../../../../pic32c/lib/thumb/v7e-m+fp/hard/libpic32c.a(data_init_wrapper.o)
 .debug_abbrev  0x00002be0       0x2e /Applications/microchip/xc32/v4.21/bin/bin/../../lib/gcc/pic32c/8.3.1/../../../../pic32c/lib/thumb/v7e-m+fp/hard/libpic32c.a(data_init_0_1.o)
 .debug_abbrev  0x00002c0e      0x117 /Applications/microchip/xc32/v4.21/bin/bin/../../lib/gcc/pic32c/8.3.1/../../../../pic32c/lib/thumb/v7e-m+fp/hard/libg-musl.a(__libc_start_main.o)
 .debug_abbrev  0x00002d25       0xb8 /Applications/microchip/xc32/v4.21/bin/bin/../../lib/gcc/pic32c/8.3.1/../../../../pic32c/lib/thumb/v7e-m+fp/hard/libg-musl.a(libc.o)
 .debug_abbrev  0x00002ddd      0x145 /Applications/microchip/xc32/v4.21/bin/bin/../../lib/gcc/pic32c/8.3.1/../../../../pic32c/lib/thumb/v7e-m+fp/hard/libg-musl.a(__sio_printf_doux.o)
 .debug_abbrev  0x00002f22      0x120 /Applications/microchip/xc32/v4.21/bin/bin/../../lib/gcc/pic32c/8.3.1/../../../../pic32c/lib/thumb/v7e-m+fp/hard/libg-musl.a(__fmt_d.o)
 .debug_abbrev  0x00003042      0x120 /Applications/microchip/xc32/v4.21/bin/bin/../../lib/gcc/pic32c/8.3.1/../../../../pic32c/lib/thumb/v7e-m+fp/hard/libg-musl.a(__fmt_o.o)
 .debug_abbrev  0x00003162      0x10b /Applications/microchip/xc32/v4.21/bin/bin/../../lib/gcc/pic32c/8.3.1/../../../../pic32c/lib/thumb/v7e-m+fp/hard/libg-musl.a(__fmt_s.o)
 .debug_abbrev  0x0000326d      0x163 /Applications/microchip/xc32/v4.21/bin/bin/../../lib/gcc/pic32c/8.3.1/../../../../pic32c/lib/thumb/v7e-m+fp/hard/libg-musl.a(__fmt_u.o)
 .debug_abbrev  0x000033d0      0x10f /Applications/microchip/xc32/v4.21/bin/bin/../../lib/gcc/pic32c/8.3.1/../../../../pic32c/lib/thumb/v7e-m+fp/hard/libg-musl.a(__fmt_x.o)
 .debug_abbrev  0x000034df       0xbd /Applications/microchip/xc32/v4.21/bin/bin/../../lib/gcc/pic32c/8.3.1/../../../../pic32c/lib/thumb/v7e-m+fp/hard/libg-musl.a(__pop_int.o)
 .debug_abbrev  0x0000359c       0xce /Applications/microchip/xc32/v4.21/bin/bin/../../lib/gcc/pic32c/8.3.1/../../../../pic32c/lib/thumb/v7e-m+fp/hard/libg-musl.a(__pop_ptr.o)
 .debug_abbrev  0x0000366a      0x2c5 /Applications/microchip/xc32/v4.21/bin/bin/../../lib/gcc/pic32c/8.3.1/../../../../pic32c/lib/thumb/v7e-m+fp/hard/libg-musl.a(__printf_core.o)
 .debug_abbrev  0x0000392f      0x178 /Applications/microchip/xc32/v4.21/bin/bin/../../lib/gcc/pic32c/8.3.1/../../../../pic32c/lib/thumb/v7e-m+fp/hard/libg-musl.a(stdin.o)
 .debug_abbrev  0x00003aa7      0x135 /Applications/microchip/xc32/v4.21/bin/bin/../../lib/gcc/pic32c/8.3.1/../../../../pic32c/lib/thumb/v7e-m+fp/hard/libg-musl.a(stdout.o)
 .debug_abbrev  0x00003bdc      0x151 /Applications/microchip/xc32/v4.21/bin/bin/../../lib/gcc/pic32c/8.3.1/../../../../pic32c/lib/thumb/v7e-m+fp/hard/libg-musl.a(puts.o)
 .debug_abbrev  0x00003d2d       0xa0 /Applications/microchip/xc32/v4.21/bin/bin/../../lib/gcc/pic32c/8.3.1/../../../../pic32c/lib/thumb/v7e-m+fp/hard/libg-musl.a(setbuf.o)
 .debug_abbrev  0x00003dcd       0xbb /Applications/microchip/xc32/v4.21/bin/bin/../../lib/gcc/pic32c/8.3.1/../../../../pic32c/lib/thumb/v7e-m+fp/hard/libg-musl.a(atoi.o)
 .debug_abbrev  0x00003e88       0x9c /Applications/microchip/xc32/v4.21/bin/bin/../../lib/gcc/pic32c/8.3.1/../../../../pic32c/lib/thumb/v7e-m+fp/hard/libg-musl.a(memcpy.o)
 .debug_abbrev  0x00003f24       0x97 /Applications/microchip/xc32/v4.21/bin/bin/../../lib/gcc/pic32c/8.3.1/../../../../pic32c/lib/thumb/v7e-m+fp/hard/libg-musl.a(memset.o)
 .debug_abbrev  0x00003fbb       0x86 /Applications/microchip/xc32/v4.21/bin/bin/../../lib/gcc/pic32c/8.3.1/../../../../pic32c/lib/thumb/v7e-m+fp/hard/libg-musl.a(strlen.o)
 .debug_abbrev  0x00004041       0xfd /Applications/microchip/xc32/v4.21/bin/bin/../../lib/gcc/pic32c/8.3.1/../../../../pic32c/lib/thumb/v7e-m+fp/hard/libg-musl.a(tolower.o)
 .debug_abbrev  0x0000413e       0xfd /Applications/microchip/xc32/v4.21/bin/bin/../../lib/gcc/pic32c/8.3.1/../../../../pic32c/lib/thumb/v7e-m+fp/hard/libg-musl.a(toupper.o)
 .debug_abbrev  0x0000423b       0x57 /Applications/microchip/xc32/v4.21/bin/bin/../../lib/gcc/pic32c/8.3.1/../../../../pic32c/lib/thumb/v7e-m+fp/hard/libg-musl.a(__environ.o)
 .debug_abbrev  0x00004292       0x2e /Applications/microchip/xc32/v4.21/bin/bin/../../lib/gcc/pic32c/8.3.1/../../../../pic32c/lib/thumb/v7e-m+fp/hard/libg-musl.a(__errno_location.o)
 .debug_abbrev  0x000042c0      0x111 /Applications/microchip/xc32/v4.21/bin/bin/../../lib/gcc/pic32c/8.3.1/../../../../pic32c/lib/thumb/v7e-m+fp/hard/libg-musl.a(__int_vfprintf.o)
 .debug_abbrev  0x000043d1      0x12a /Applications/microchip/xc32/v4.21/bin/bin/../../lib/gcc/pic32c/8.3.1/../../../../pic32c/lib/thumb/v7e-m+fp/hard/libg-musl.a(fputs.o)
 .debug_abbrev  0x000044fb       0xbd /Applications/microchip/xc32/v4.21/bin/bin/../../lib/gcc/pic32c/8.3.1/../../../../pic32c/lib/thumb/v7e-m+fp/hard/libg-musl.a(__pop_float.o)
 .debug_abbrev  0x000045b8      0x150 /Applications/microchip/xc32/v4.21/bin/bin/../../lib/gcc/pic32c/8.3.1/../../../../pic32c/lib/thumb/v7e-m+fp/hard/libg-musl.a(__stdio_read.o)
 .debug_abbrev  0x00004708       0xdc /Applications/microchip/xc32/v4.21/bin/bin/../../lib/gcc/pic32c/8.3.1/../../../../pic32c/lib/thumb/v7e-m+fp/hard/libg-musl.a(__towrite_rw.o)
 .debug_abbrev  0x000047e4      0x10f /Applications/microchip/xc32/v4.21/bin/bin/../../lib/gcc/pic32c/8.3.1/../../../../pic32c/lib/thumb/v7e-m+fp/hard/libg-musl.a(fwrite.o)
 .debug_abbrev  0x000048f3      0x109 /Applications/microchip/xc32/v4.21/bin/bin/../../lib/gcc/pic32c/8.3.1/../../../../pic32c/lib/thumb/v7e-m+fp/hard/libg-musl.a(putc.o)
 .debug_abbrev  0x000049fc      0x11c /Applications/microchip/xc32/v4.21/bin/bin/../../lib/gcc/pic32c/8.3.1/../../../../pic32c/lib/thumb/v7e-m+fp/hard/libg-musl.a(setvbuf.o)
 .debug_abbrev  0x00004b18       0xd8 /Applications/microchip/xc32/v4.21/bin/bin/../../lib/gcc/pic32c/8.3.1/../../../../pic32c/lib/thumb/v7e-m+fp/hard/libg-musl.a(readv.o)
 .debug_abbrev  0x00004bf0      0x413 /Applications/microchip/xc32/v4.21/bin/bin/../../lib/gcc/pic32c/8.3.1/../../../../pic32c/lib/thumb/v7e-m+fp/hard/libg-musl.a(malloc.o)
 .debug_abbrev  0x00005003       0xa5 /Applications/microchip/xc32/v4.21/bin/bin/../../lib/gcc/pic32c/8.3.1/../../../../pic32c/lib/thumb/v7e-m+fp/hard/libg-musl.a(expand_heap.o)
 .debug_abbrev  0x000050a8       0x5a /Applications/microchip/xc32/v4.21/bin/bin/../../lib/gcc/pic32c/8.3.1/../../../../pic32c/lib/thumb/v7e-m+fp/hard/libg-musl.a(__init_stdio.o)
 .debug_abbrev  0x00005102      0x170 /Applications/microchip/xc32/v4.21/bin/bin/../../lib/gcc/pic32c/8.3.1/../../../../pic32c/lib/thumb/v7e-m+fp/hard/libg-musl.a(__out.o)
 .debug_abbrev  0x00005272       0xf3 /Applications/microchip/xc32/v4.21/bin/bin/../../lib/gcc/pic32c/8.3.1/../../../../pic32c/lib/thumb/v7e-m+fp/hard/libg-musl.a(__putc.o)
 .debug_abbrev  0x00005365      0x154 /Applications/microchip/xc32/v4.21/bin/bin/../../lib/gcc/pic32c/8.3.1/../../../../pic32c/lib/thumb/v7e-m+fp/hard/libg-musl.a(__stderr.o)
 .debug_abbrev  0x000054b9      0x122 /Applications/microchip/xc32/v4.21/bin/bin/../../lib/gcc/pic32c/8.3.1/../../../../pic32c/lib/thumb/v7e-m+fp/hard/libg-musl.a(__stdio_close.o)
 .debug_abbrev  0x000055db      0x1a1 /Applications/microchip/xc32/v4.21/bin/bin/../../lib/gcc/pic32c/8.3.1/../../../../pic32c/lib/thumb/v7e-m+fp/hard/libg-musl.a(__stdio_write.o)
 .debug_abbrev  0x0000577c      0x154 /Applications/microchip/xc32/v4.21/bin/bin/../../lib/gcc/pic32c/8.3.1/../../../../pic32c/lib/thumb/v7e-m+fp/hard/libg-musl.a(__stdout.o)
 .debug_abbrev  0x000058d0       0xf8 /Applications/microchip/xc32/v4.21/bin/bin/../../lib/gcc/pic32c/8.3.1/../../../../pic32c/lib/thumb/v7e-m+fp/hard/libg-musl.a(__towrite.o)
 .debug_abbrev  0x000059c8       0xd8 /Applications/microchip/xc32/v4.21/bin/bin/../../lib/gcc/pic32c/8.3.1/../../../../pic32c/lib/thumb/v7e-m+fp/hard/libg-musl.a(writev.o)
 .debug_abbrev  0x00005aa0      0x125 /Applications/microchip/xc32/v4.21/bin/bin/../../lib/gcc/pic32c/8.3.1/../../../../pic32c/lib/thumb/v7e-m+fp/hard/libg-musl.a(__overflow.o)
 .debug_abbrev  0x00005bc5      0x11f /Applications/microchip/xc32/v4.21/bin/bin/../../lib/gcc/pic32c/8.3.1/../../../../pic32c/lib/thumb/v7e-m+fp/hard/libg-musl.a(__fwrite.o)
 .debug_abbrev  0x00005ce4       0x14 /Applications/microchip/xc32/v4.21/bin/bin/../../lib/gcc/pic32c/8.3.1/thumb/v7e-m+fp/hard/libgcc.a(_aeabi_uldivmod.o)
 .debug_abbrev  0x00005cf8       0xf2 /Applications/microchip/xc32/v4.21/bin/bin/../../lib/gcc/pic32c/8.3.1/thumb/v7e-m+fp/hard/libgcc.a(_udivmoddi4.o)
 .debug_abbrev  0x00005dea       0x14 /Applications/microchip/xc32/v4.21/bin/bin/../../lib/gcc/pic32c/8.3.1/thumb/v7e-m+fp/hard/libgcc.a(_dvmd_tls.o)
 .debug_abbrev  0x00005dfe       0x2e /Applications/microchip/xc32/v4.21/bin/bin/../../lib/gcc/pic32c/8.3.1/../../../../pic32c/lib/thumb/v7e-m+fp/hard/libpic32c.a(close.o)
 .debug_abbrev  0x00005e2c       0x2e /Applications/microchip/xc32/v4.21/bin/bin/../../lib/gcc/pic32c/8.3.1/../../../../pic32c/lib/thumb/v7e-m+fp/hard/libpic32c.a(lseek.o)
 .debug_abbrev  0x00005e5a       0x2e /Applications/microchip/xc32/v4.21/bin/bin/../../lib/gcc/pic32c/8.3.1/../../../../pic32c/lib/thumb/v7e-m+fp/hard/libpic32c.a(sbrk.o)

.debug_loc      0x00000000     0xc44e
 .debug_loc     0x00000000      0xbb4 build/default/debug/_ext/158385033/drv_i2c.o
 .debug_loc     0x00000bb4      0x3f4 build/default/debug/_ext/1360937237/DRV_TSL2591.o
 .debug_loc     0x00000fa8      0x727 build/default/debug/_ext/1529399856/osal_freertos.o
 .debug_loc     0x000016cf      0x1b0 build/default/debug/_ext/1865468468/plib_nvic.o
 .debug_loc     0x0000187f      0x868 build/default/debug/_ext/1593096446/plib_nvmctrl.o
 .debug_loc     0x000020e7      0x1bc build/default/debug/_ext/1865521619/plib_port.o
 .debug_loc     0x000022a3      0xd1a build/default/debug/_ext/508257091/plib_sercom3_i2c_master.o
 .debug_loc     0x00002fbd      0x861 build/default/debug/_ext/504274921/plib_sercom2_usart.o
 .debug_loc     0x0000381e      0x1c0 build/default/debug/_ext/163028504/xc32_monitor.o
 .debug_loc     0x000039de       0x7d build/default/debug/_ext/1171490990/tasks.o
 .debug_loc     0x00003a5b       0x4a build/default/debug/_ext/1171490990/startup_xc32.o
 .debug_loc     0x00003aa5       0x45 build/default/debug/_ext/1171490990/initialization.o
 .debug_loc     0x00003aea       0x82 build/default/debug/_ext/1171490990/freertos_hooks.o
 .debug_loc     0x00003b6c      0x13a build/default/debug/_ext/246609638/port.o
 .debug_loc     0x00003ca6       0x8f build/default/debug/_ext/1665200909/heap_1.o
 .debug_loc     0x00003d35       0xb2 build/default/debug/_ext/404212886/list.o
 .debug_loc     0x00003de7     0x2565 build/default/debug/_ext/404212886/FreeRTOS_tasks.o
 .debug_loc     0x0000634c     0x191e build/default/debug/_ext/404212886/queue.o
 .debug_loc     0x00007c6a       0x44 build/default/debug/_ext/1360937237/app.o
 .debug_loc     0x00007cae       0x20 build/default/debug/_ext/1360937237/main.o
 .debug_loc     0x00007cce       0x14 /Applications/microchip/xc32/v4.21/bin/bin/../../lib/gcc/pic32c/8.3.1/../../../../pic32c/lib/thumb/v7e-m+fp/hard/libpic32c.a(data_init_0_1.o)
 .debug_loc     0x00007ce2       0x51 /Applications/microchip/xc32/v4.21/bin/bin/../../lib/gcc/pic32c/8.3.1/../../../../pic32c/lib/thumb/v7e-m+fp/hard/libg-musl.a(__libc_start_main.o)
 .debug_loc     0x00007d33       0x91 /Applications/microchip/xc32/v4.21/bin/bin/../../lib/gcc/pic32c/8.3.1/../../../../pic32c/lib/thumb/v7e-m+fp/hard/libg-musl.a(__sio_printf_doux.o)
 .debug_loc     0x00007dc4      0x1ef /Applications/microchip/xc32/v4.21/bin/bin/../../lib/gcc/pic32c/8.3.1/../../../../pic32c/lib/thumb/v7e-m+fp/hard/libg-musl.a(__fmt_d.o)
 .debug_loc     0x00007fb3      0x10a /Applications/microchip/xc32/v4.21/bin/bin/../../lib/gcc/pic32c/8.3.1/../../../../pic32c/lib/thumb/v7e-m+fp/hard/libg-musl.a(__fmt_o.o)
 .debug_loc     0x000080bd      0x157 /Applications/microchip/xc32/v4.21/bin/bin/../../lib/gcc/pic32c/8.3.1/../../../../pic32c/lib/thumb/v7e-m+fp/hard/libg-musl.a(__fmt_s.o)
 .debug_loc     0x00008214      0x2a2 /Applications/microchip/xc32/v4.21/bin/bin/../../lib/gcc/pic32c/8.3.1/../../../../pic32c/lib/thumb/v7e-m+fp/hard/libg-musl.a(__fmt_u.o)
 .debug_loc     0x000084b6      0x2a9 /Applications/microchip/xc32/v4.21/bin/bin/../../lib/gcc/pic32c/8.3.1/../../../../pic32c/lib/thumb/v7e-m+fp/hard/libg-musl.a(__fmt_x.o)
 .debug_loc     0x0000875f      0x2f5 /Applications/microchip/xc32/v4.21/bin/bin/../../lib/gcc/pic32c/8.3.1/../../../../pic32c/lib/thumb/v7e-m+fp/hard/libg-musl.a(__pop_int.o)
 .debug_loc     0x00008a54      0x1db /Applications/microchip/xc32/v4.21/bin/bin/../../lib/gcc/pic32c/8.3.1/../../../../pic32c/lib/thumb/v7e-m+fp/hard/libg-musl.a(__pop_ptr.o)
 .debug_loc     0x00008c2f      0x5e9 /Applications/microchip/xc32/v4.21/bin/bin/../../lib/gcc/pic32c/8.3.1/../../../../pic32c/lib/thumb/v7e-m+fp/hard/libg-musl.a(__printf_core.o)
 .debug_loc     0x00009218       0x25 /Applications/microchip/xc32/v4.21/bin/bin/../../lib/gcc/pic32c/8.3.1/../../../../pic32c/lib/thumb/v7e-m+fp/hard/libg-musl.a(stdin.o)
 .debug_loc     0x0000923d       0x20 /Applications/microchip/xc32/v4.21/bin/bin/../../lib/gcc/pic32c/8.3.1/../../../../pic32c/lib/thumb/v7e-m+fp/hard/libg-musl.a(stdout.o)
 .debug_loc     0x0000925d       0x6a /Applications/microchip/xc32/v4.21/bin/bin/../../lib/gcc/pic32c/8.3.1/../../../../pic32c/lib/thumb/v7e-m+fp/hard/libg-musl.a(puts.o)
 .debug_loc     0x000092c7       0x4a /Applications/microchip/xc32/v4.21/bin/bin/../../lib/gcc/pic32c/8.3.1/../../../../pic32c/lib/thumb/v7e-m+fp/hard/libg-musl.a(setbuf.o)
 .debug_loc     0x00009311       0xd8 /Applications/microchip/xc32/v4.21/bin/bin/../../lib/gcc/pic32c/8.3.1/../../../../pic32c/lib/thumb/v7e-m+fp/hard/libg-musl.a(atoi.o)
 .debug_loc     0x000093e9       0xe5 /Applications/microchip/xc32/v4.21/bin/bin/../../lib/gcc/pic32c/8.3.1/../../../../pic32c/lib/thumb/v7e-m+fp/hard/libg-musl.a(memcpy.o)
 .debug_loc     0x000094ce       0x56 /Applications/microchip/xc32/v4.21/bin/bin/../../lib/gcc/pic32c/8.3.1/../../../../pic32c/lib/thumb/v7e-m+fp/hard/libg-musl.a(memset.o)
 .debug_loc     0x00009524       0x47 /Applications/microchip/xc32/v4.21/bin/bin/../../lib/gcc/pic32c/8.3.1/../../../../pic32c/lib/thumb/v7e-m+fp/hard/libg-musl.a(strlen.o)
 .debug_loc     0x0000956b       0x4a /Applications/microchip/xc32/v4.21/bin/bin/../../lib/gcc/pic32c/8.3.1/../../../../pic32c/lib/thumb/v7e-m+fp/hard/libg-musl.a(tolower.o)
 .debug_loc     0x000095b5       0x4a /Applications/microchip/xc32/v4.21/bin/bin/../../lib/gcc/pic32c/8.3.1/../../../../pic32c/lib/thumb/v7e-m+fp/hard/libg-musl.a(toupper.o)
 .debug_loc     0x000095ff       0x88 /Applications/microchip/xc32/v4.21/bin/bin/../../lib/gcc/pic32c/8.3.1/../../../../pic32c/lib/thumb/v7e-m+fp/hard/libg-musl.a(__int_vfprintf.o)
 .debug_loc     0x00009687       0x93 /Applications/microchip/xc32/v4.21/bin/bin/../../lib/gcc/pic32c/8.3.1/../../../../pic32c/lib/thumb/v7e-m+fp/hard/libg-musl.a(fputs.o)
 .debug_loc     0x0000971a       0xa6 /Applications/microchip/xc32/v4.21/bin/bin/../../lib/gcc/pic32c/8.3.1/../../../../pic32c/lib/thumb/v7e-m+fp/hard/libg-musl.a(__pop_float.o)
 .debug_loc     0x000097c0      0x103 /Applications/microchip/xc32/v4.21/bin/bin/../../lib/gcc/pic32c/8.3.1/../../../../pic32c/lib/thumb/v7e-m+fp/hard/libg-musl.a(__stdio_read.o)
 .debug_loc     0x000098c3       0x25 /Applications/microchip/xc32/v4.21/bin/bin/../../lib/gcc/pic32c/8.3.1/../../../../pic32c/lib/thumb/v7e-m+fp/hard/libg-musl.a(__towrite_rw.o)
 .debug_loc     0x000098e8      0x17e /Applications/microchip/xc32/v4.21/bin/bin/../../lib/gcc/pic32c/8.3.1/../../../../pic32c/lib/thumb/v7e-m+fp/hard/libg-musl.a(fwrite.o)
 .debug_loc     0x00009a66      0x123 /Applications/microchip/xc32/v4.21/bin/bin/../../lib/gcc/pic32c/8.3.1/../../../../pic32c/lib/thumb/v7e-m+fp/hard/libg-musl.a(putc.o)
 .debug_loc     0x00009b89       0xd8 /Applications/microchip/xc32/v4.21/bin/bin/../../lib/gcc/pic32c/8.3.1/../../../../pic32c/lib/thumb/v7e-m+fp/hard/libg-musl.a(setvbuf.o)
 .debug_loc     0x00009c61       0xe8 /Applications/microchip/xc32/v4.21/bin/bin/../../lib/gcc/pic32c/8.3.1/../../../../pic32c/lib/thumb/v7e-m+fp/hard/libg-musl.a(readv.o)
 .debug_loc     0x00009d49      0xccd /Applications/microchip/xc32/v4.21/bin/bin/../../lib/gcc/pic32c/8.3.1/../../../../pic32c/lib/thumb/v7e-m+fp/hard/libg-musl.a(malloc.o)
 .debug_loc     0x0000aa16       0x7c /Applications/microchip/xc32/v4.21/bin/bin/../../lib/gcc/pic32c/8.3.1/../../../../pic32c/lib/thumb/v7e-m+fp/hard/libg-musl.a(expand_heap.o)
 .debug_loc     0x0000aa92       0x20 /Applications/microchip/xc32/v4.21/bin/bin/../../lib/gcc/pic32c/8.3.1/../../../../pic32c/lib/thumb/v7e-m+fp/hard/libg-musl.a(__init_stdio.o)
 .debug_loc     0x0000aab2      0x1a8 /Applications/microchip/xc32/v4.21/bin/bin/../../lib/gcc/pic32c/8.3.1/../../../../pic32c/lib/thumb/v7e-m+fp/hard/libg-musl.a(__out.o)
 .debug_loc     0x0000ac5a      0x114 /Applications/microchip/xc32/v4.21/bin/bin/../../lib/gcc/pic32c/8.3.1/../../../../pic32c/lib/thumb/v7e-m+fp/hard/libg-musl.a(__putc.o)
 .debug_loc     0x0000ad6e       0x25 /Applications/microchip/xc32/v4.21/bin/bin/../../lib/gcc/pic32c/8.3.1/../../../../pic32c/lib/thumb/v7e-m+fp/hard/libg-musl.a(__stderr.o)
 .debug_loc     0x0000ad93      0x208 /Applications/microchip/xc32/v4.21/bin/bin/../../lib/gcc/pic32c/8.3.1/../../../../pic32c/lib/thumb/v7e-m+fp/hard/libg-musl.a(__stdio_close.o)
 .debug_loc     0x0000af9b      0x2f1 /Applications/microchip/xc32/v4.21/bin/bin/../../lib/gcc/pic32c/8.3.1/../../../../pic32c/lib/thumb/v7e-m+fp/hard/libg-musl.a(__stdio_write.o)
 .debug_loc     0x0000b28c       0x25 /Applications/microchip/xc32/v4.21/bin/bin/../../lib/gcc/pic32c/8.3.1/../../../../pic32c/lib/thumb/v7e-m+fp/hard/libg-musl.a(__stdout.o)
 .debug_loc     0x0000b2b1       0x7c /Applications/microchip/xc32/v4.21/bin/bin/../../lib/gcc/pic32c/8.3.1/../../../../pic32c/lib/thumb/v7e-m+fp/hard/libg-musl.a(__towrite.o)
 .debug_loc     0x0000b32d       0xe8 /Applications/microchip/xc32/v4.21/bin/bin/../../lib/gcc/pic32c/8.3.1/../../../../pic32c/lib/thumb/v7e-m+fp/hard/libg-musl.a(writev.o)
 .debug_loc     0x0000b415       0xb6 /Applications/microchip/xc32/v4.21/bin/bin/../../lib/gcc/pic32c/8.3.1/../../../../pic32c/lib/thumb/v7e-m+fp/hard/libg-musl.a(__overflow.o)
 .debug_loc     0x0000b4cb      0x10a /Applications/microchip/xc32/v4.21/bin/bin/../../lib/gcc/pic32c/8.3.1/../../../../pic32c/lib/thumb/v7e-m+fp/hard/libg-musl.a(__fwrite.o)
 .debug_loc     0x0000b5d5      0xe79 /Applications/microchip/xc32/v4.21/bin/bin/../../lib/gcc/pic32c/8.3.1/thumb/v7e-m+fp/hard/libgcc.a(_udivmoddi4.o)

.debug_aranges  0x00000000     0x1088
 .debug_aranges
                0x00000000       0x78 build/default/debug/_ext/158385033/drv_i2c.o
 .debug_aranges
                0x00000078       0x48 build/default/debug/_ext/1360937237/DRV_TSL2591.o
 .debug_aranges
                0x000000c0       0x90 build/default/debug/_ext/1529399856/osal_freertos.o
 .debug_aranges
                0x00000150       0x20 build/default/debug/_ext/1984496892/plib_clock.o
 .debug_aranges
                0x00000170       0x20 build/default/debug/_ext/1986646378/plib_evsys.o
 .debug_aranges
                0x00000190       0x38 build/default/debug/_ext/1865468468/plib_nvic.o
 .debug_aranges
                0x000001c8       0xd8 build/default/debug/_ext/1593096446/plib_nvmctrl.o
 .debug_aranges
                0x000002a0       0x70 build/default/debug/_ext/1865521619/plib_port.o
 .debug_aranges
                0x00000310       0x70 build/default/debug/_ext/508257091/plib_sercom3_i2c_master.o
 .debug_aranges
                0x00000380       0x98 build/default/debug/_ext/504274921/plib_sercom2_usart.o
 .debug_aranges
                0x00000418       0x28 build/default/debug/_ext/163028504/xc32_monitor.o
 .debug_aranges
                0x00000440       0x28 build/default/debug/_ext/1171490990/tasks.o
 .debug_aranges
                0x00000468       0x28 build/default/debug/_ext/1171490990/startup_xc32.o
 .debug_aranges
                0x00000490       0x48 build/default/debug/_ext/1171490990/exceptions.o
 .debug_aranges
                0x000004d8       0x20 build/default/debug/_ext/1171490990/initialization.o
 .debug_aranges
                0x000004f8       0x20 build/default/debug/_ext/1171490990/interrupts.o
 .debug_aranges
                0x00000518       0x40 build/default/debug/_ext/1171490990/freertos_hooks.o
 .debug_aranges
                0x00000558       0x78 build/default/debug/_ext/246609638/port.o
 .debug_aranges
                0x000005d0       0x38 build/default/debug/_ext/1665200909/heap_1.o
 .debug_aranges
                0x00000608       0x40 build/default/debug/_ext/404212886/list.o
 .debug_aranges
                0x00000648      0x178 build/default/debug/_ext/404212886/FreeRTOS_tasks.o
 .debug_aranges
                0x000007c0       0xc8 build/default/debug/_ext/404212886/queue.o
 .debug_aranges
                0x00000888       0x28 build/default/debug/_ext/1360937237/app.o
 .debug_aranges
                0x000008b0       0x20 build/default/debug/_ext/1360937237/main.o
 .debug_aranges
                0x000008d0       0x20 /Applications/microchip/xc32/v4.21/bin/bin/../../lib/gcc/pic32c/8.3.1/../../../../pic32c/lib/thumb/v7e-m+fp/hard/libpic32c.a(data_init_wrapper.o)
 .debug_aranges
                0x000008f0       0x20 /Applications/microchip/xc32/v4.21/bin/bin/../../lib/gcc/pic32c/8.3.1/../../../../pic32c/lib/thumb/v7e-m+fp/hard/libpic32c.a(data_init_0_1.o)
 .debug_aranges
                0x00000910       0x28 /Applications/microchip/xc32/v4.21/bin/bin/../../lib/gcc/pic32c/8.3.1/../../../../pic32c/lib/thumb/v7e-m+fp/hard/libg-musl.a(__libc_start_main.o)
 .debug_aranges
                0x00000938       0x18 /Applications/microchip/xc32/v4.21/bin/bin/../../lib/gcc/pic32c/8.3.1/../../../../pic32c/lib/thumb/v7e-m+fp/hard/libg-musl.a(libc.o)
 .debug_aranges
                0x00000950       0x28 /Applications/microchip/xc32/v4.21/bin/bin/../../lib/gcc/pic32c/8.3.1/../../../../pic32c/lib/thumb/v7e-m+fp/hard/libg-musl.a(__sio_printf_doux.o)
 .debug_aranges
                0x00000978       0x20 /Applications/microchip/xc32/v4.21/bin/bin/../../lib/gcc/pic32c/8.3.1/../../../../pic32c/lib/thumb/v7e-m+fp/hard/libg-musl.a(__fmt_d.o)
 .debug_aranges
                0x00000998       0x20 /Applications/microchip/xc32/v4.21/bin/bin/../../lib/gcc/pic32c/8.3.1/../../../../pic32c/lib/thumb/v7e-m+fp/hard/libg-musl.a(__fmt_o.o)
 .debug_aranges
                0x000009b8       0x20 /Applications/microchip/xc32/v4.21/bin/bin/../../lib/gcc/pic32c/8.3.1/../../../../pic32c/lib/thumb/v7e-m+fp/hard/libg-musl.a(__fmt_s.o)
 .debug_aranges
                0x000009d8       0x28 /Applications/microchip/xc32/v4.21/bin/bin/../../lib/gcc/pic32c/8.3.1/../../../../pic32c/lib/thumb/v7e-m+fp/hard/libg-musl.a(__fmt_u.o)
 .debug_aranges
                0x00000a00       0x20 /Applications/microchip/xc32/v4.21/bin/bin/../../lib/gcc/pic32c/8.3.1/../../../../pic32c/lib/thumb/v7e-m+fp/hard/libg-musl.a(__fmt_x.o)
 .debug_aranges
                0x00000a20       0x20 /Applications/microchip/xc32/v4.21/bin/bin/../../lib/gcc/pic32c/8.3.1/../../../../pic32c/lib/thumb/v7e-m+fp/hard/libg-musl.a(__pop_int.o)
 .debug_aranges
                0x00000a40       0x20 /Applications/microchip/xc32/v4.21/bin/bin/../../lib/gcc/pic32c/8.3.1/../../../../pic32c/lib/thumb/v7e-m+fp/hard/libg-musl.a(__pop_ptr.o)
 .debug_aranges
                0x00000a60       0x50 /Applications/microchip/xc32/v4.21/bin/bin/../../lib/gcc/pic32c/8.3.1/../../../../pic32c/lib/thumb/v7e-m+fp/hard/libg-musl.a(__printf_core.o)
 .debug_aranges
                0x00000ab0       0x28 /Applications/microchip/xc32/v4.21/bin/bin/../../lib/gcc/pic32c/8.3.1/../../../../pic32c/lib/thumb/v7e-m+fp/hard/libg-musl.a(stdin.o)
 .debug_aranges
                0x00000ad8       0x30 /Applications/microchip/xc32/v4.21/bin/bin/../../lib/gcc/pic32c/8.3.1/../../../../pic32c/lib/thumb/v7e-m+fp/hard/libg-musl.a(stdout.o)
 .debug_aranges
                0x00000b08       0x20 /Applications/microchip/xc32/v4.21/bin/bin/../../lib/gcc/pic32c/8.3.1/../../../../pic32c/lib/thumb/v7e-m+fp/hard/libg-musl.a(puts.o)
 .debug_aranges
                0x00000b28       0x20 /Applications/microchip/xc32/v4.21/bin/bin/../../lib/gcc/pic32c/8.3.1/../../../../pic32c/lib/thumb/v7e-m+fp/hard/libg-musl.a(setbuf.o)
 .debug_aranges
                0x00000b48       0x20 /Applications/microchip/xc32/v4.21/bin/bin/../../lib/gcc/pic32c/8.3.1/../../../../pic32c/lib/thumb/v7e-m+fp/hard/libg-musl.a(atoi.o)
 .debug_aranges
                0x00000b68       0x20 /Applications/microchip/xc32/v4.21/bin/bin/../../lib/gcc/pic32c/8.3.1/../../../../pic32c/lib/thumb/v7e-m+fp/hard/libg-musl.a(memcpy.o)
 .debug_aranges
                0x00000b88       0x20 /Applications/microchip/xc32/v4.21/bin/bin/../../lib/gcc/pic32c/8.3.1/../../../../pic32c/lib/thumb/v7e-m+fp/hard/libg-musl.a(memset.o)
 .debug_aranges
                0x00000ba8       0x20 /Applications/microchip/xc32/v4.21/bin/bin/../../lib/gcc/pic32c/8.3.1/../../../../pic32c/lib/thumb/v7e-m+fp/hard/libg-musl.a(strlen.o)
 .debug_aranges
                0x00000bc8       0x28 /Applications/microchip/xc32/v4.21/bin/bin/../../lib/gcc/pic32c/8.3.1/../../../../pic32c/lib/thumb/v7e-m+fp/hard/libg-musl.a(tolower.o)
 .debug_aranges
                0x00000bf0       0x28 /Applications/microchip/xc32/v4.21/bin/bin/../../lib/gcc/pic32c/8.3.1/../../../../pic32c/lib/thumb/v7e-m+fp/hard/libg-musl.a(toupper.o)
 .debug_aranges
                0x00000c18       0x18 /Applications/microchip/xc32/v4.21/bin/bin/../../lib/gcc/pic32c/8.3.1/../../../../pic32c/lib/thumb/v7e-m+fp/hard/libg-musl.a(__environ.o)
 .debug_aranges
                0x00000c30       0x18 /Applications/microchip/xc32/v4.21/bin/bin/../../lib/gcc/pic32c/8.3.1/../../../../pic32c/lib/thumb/v7e-m+fp/hard/libg-musl.a(__errno_location.o)
 .debug_aranges
                0x00000c48       0x20 /Applications/microchip/xc32/v4.21/bin/bin/../../lib/gcc/pic32c/8.3.1/../../../../pic32c/lib/thumb/v7e-m+fp/hard/libg-musl.a(__int_vfprintf.o)
 .debug_aranges
                0x00000c68       0x20 /Applications/microchip/xc32/v4.21/bin/bin/../../lib/gcc/pic32c/8.3.1/../../../../pic32c/lib/thumb/v7e-m+fp/hard/libg-musl.a(fputs.o)
 .debug_aranges
                0x00000c88       0x20 /Applications/microchip/xc32/v4.21/bin/bin/../../lib/gcc/pic32c/8.3.1/../../../../pic32c/lib/thumb/v7e-m+fp/hard/libg-musl.a(__pop_float.o)
 .debug_aranges
                0x00000ca8       0x20 /Applications/microchip/xc32/v4.21/bin/bin/../../lib/gcc/pic32c/8.3.1/../../../../pic32c/lib/thumb/v7e-m+fp/hard/libg-musl.a(__stdio_read.o)
 .debug_aranges
                0x00000cc8       0x20 /Applications/microchip/xc32/v4.21/bin/bin/../../lib/gcc/pic32c/8.3.1/../../../../pic32c/lib/thumb/v7e-m+fp/hard/libg-musl.a(__towrite_rw.o)
 .debug_aranges
                0x00000ce8       0x28 /Applications/microchip/xc32/v4.21/bin/bin/../../lib/gcc/pic32c/8.3.1/../../../../pic32c/lib/thumb/v7e-m+fp/hard/libg-musl.a(fwrite.o)
 .debug_aranges
                0x00000d10       0x30 /Applications/microchip/xc32/v4.21/bin/bin/../../lib/gcc/pic32c/8.3.1/../../../../pic32c/lib/thumb/v7e-m+fp/hard/libg-musl.a(putc.o)
 .debug_aranges
                0x00000d40       0x28 /Applications/microchip/xc32/v4.21/bin/bin/../../lib/gcc/pic32c/8.3.1/../../../../pic32c/lib/thumb/v7e-m+fp/hard/libg-musl.a(setvbuf.o)
 .debug_aranges
                0x00000d68       0x20 /Applications/microchip/xc32/v4.21/bin/bin/../../lib/gcc/pic32c/8.3.1/../../../../pic32c/lib/thumb/v7e-m+fp/hard/libg-musl.a(readv.o)
 .debug_aranges
                0x00000d88       0x70 /Applications/microchip/xc32/v4.21/bin/bin/../../lib/gcc/pic32c/8.3.1/../../../../pic32c/lib/thumb/v7e-m+fp/hard/libg-musl.a(malloc.o)
 .debug_aranges
                0x00000df8       0x20 /Applications/microchip/xc32/v4.21/bin/bin/../../lib/gcc/pic32c/8.3.1/../../../../pic32c/lib/thumb/v7e-m+fp/hard/libg-musl.a(expand_heap.o)
 .debug_aranges
                0x00000e18       0x28 /Applications/microchip/xc32/v4.21/bin/bin/../../lib/gcc/pic32c/8.3.1/../../../../pic32c/lib/thumb/v7e-m+fp/hard/libg-musl.a(__init_stdio.o)
 .debug_aranges
                0x00000e40       0x28 /Applications/microchip/xc32/v4.21/bin/bin/../../lib/gcc/pic32c/8.3.1/../../../../pic32c/lib/thumb/v7e-m+fp/hard/libg-musl.a(__out.o)
 .debug_aranges
                0x00000e68       0x20 /Applications/microchip/xc32/v4.21/bin/bin/../../lib/gcc/pic32c/8.3.1/../../../../pic32c/lib/thumb/v7e-m+fp/hard/libg-musl.a(__putc.o)
 .debug_aranges
                0x00000e88       0x30 /Applications/microchip/xc32/v4.21/bin/bin/../../lib/gcc/pic32c/8.3.1/../../../../pic32c/lib/thumb/v7e-m+fp/hard/libg-musl.a(__stderr.o)
 .debug_aranges
                0x00000eb8       0x28 /Applications/microchip/xc32/v4.21/bin/bin/../../lib/gcc/pic32c/8.3.1/../../../../pic32c/lib/thumb/v7e-m+fp/hard/libg-musl.a(__stdio_close.o)
 .debug_aranges
                0x00000ee0       0x28 /Applications/microchip/xc32/v4.21/bin/bin/../../lib/gcc/pic32c/8.3.1/../../../../pic32c/lib/thumb/v7e-m+fp/hard/libg-musl.a(__stdio_write.o)
 .debug_aranges
                0x00000f08       0x30 /Applications/microchip/xc32/v4.21/bin/bin/../../lib/gcc/pic32c/8.3.1/../../../../pic32c/lib/thumb/v7e-m+fp/hard/libg-musl.a(__stdout.o)
 .debug_aranges
                0x00000f38       0x28 /Applications/microchip/xc32/v4.21/bin/bin/../../lib/gcc/pic32c/8.3.1/../../../../pic32c/lib/thumb/v7e-m+fp/hard/libg-musl.a(__towrite.o)
 .debug_aranges
                0x00000f60       0x20 /Applications/microchip/xc32/v4.21/bin/bin/../../lib/gcc/pic32c/8.3.1/../../../../pic32c/lib/thumb/v7e-m+fp/hard/libg-musl.a(writev.o)
 .debug_aranges
                0x00000f80       0x20 /Applications/microchip/xc32/v4.21/bin/bin/../../lib/gcc/pic32c/8.3.1/../../../../pic32c/lib/thumb/v7e-m+fp/hard/libg-musl.a(__overflow.o)
 .debug_aranges
                0x00000fa0       0x28 /Applications/microchip/xc32/v4.21/bin/bin/../../lib/gcc/pic32c/8.3.1/../../../../pic32c/lib/thumb/v7e-m+fp/hard/libg-musl.a(__fwrite.o)
 .debug_aranges
                0x00000fc8       0x20 /Applications/microchip/xc32/v4.21/bin/bin/../../lib/gcc/pic32c/8.3.1/thumb/v7e-m+fp/hard/libgcc.a(_aeabi_uldivmod.o)
 .debug_aranges
                0x00000fe8       0x20 /Applications/microchip/xc32/v4.21/bin/bin/../../lib/gcc/pic32c/8.3.1/thumb/v7e-m+fp/hard/libgcc.a(_udivmoddi4.o)
 .debug_aranges
                0x00001008       0x20 /Applications/microchip/xc32/v4.21/bin/bin/../../lib/gcc/pic32c/8.3.1/thumb/v7e-m+fp/hard/libgcc.a(_dvmd_tls.o)
 .debug_aranges
                0x00001028       0x20 /Applications/microchip/xc32/v4.21/bin/bin/../../lib/gcc/pic32c/8.3.1/../../../../pic32c/lib/thumb/v7e-m+fp/hard/libpic32c.a(close.o)
 .debug_aranges
                0x00001048       0x20 /Applications/microchip/xc32/v4.21/bin/bin/../../lib/gcc/pic32c/8.3.1/../../../../pic32c/lib/thumb/v7e-m+fp/hard/libpic32c.a(lseek.o)
 .debug_aranges
                0x00001068       0x20 /Applications/microchip/xc32/v4.21/bin/bin/../../lib/gcc/pic32c/8.3.1/../../../../pic32c/lib/thumb/v7e-m+fp/hard/libpic32c.a(sbrk.o)

.debug_ranges   0x00000000     0x1060
 .debug_ranges  0x00000000       0x68 build/default/debug/_ext/158385033/drv_i2c.o
 .debug_ranges  0x00000068       0x38 build/default/debug/_ext/1360937237/DRV_TSL2591.o
 .debug_ranges  0x000000a0       0x80 build/default/debug/_ext/1529399856/osal_freertos.o
 .debug_ranges  0x00000120       0x10 build/default/debug/_ext/1984496892/plib_clock.o
 .debug_ranges  0x00000130       0x10 build/default/debug/_ext/1986646378/plib_evsys.o
 .debug_ranges  0x00000140       0x28 build/default/debug/_ext/1865468468/plib_nvic.o
 .debug_ranges  0x00000168       0xc8 build/default/debug/_ext/1593096446/plib_nvmctrl.o
 .debug_ranges  0x00000230       0x60 build/default/debug/_ext/1865521619/plib_port.o
 .debug_ranges  0x00000290       0xe0 build/default/debug/_ext/508257091/plib_sercom3_i2c_master.o
 .debug_ranges  0x00000370       0x88 build/default/debug/_ext/504274921/plib_sercom2_usart.o
 .debug_ranges  0x000003f8       0x18 build/default/debug/_ext/163028504/xc32_monitor.o
 .debug_ranges  0x00000410       0x18 build/default/debug/_ext/1171490990/tasks.o
 .debug_ranges  0x00000428       0x18 build/default/debug/_ext/1171490990/startup_xc32.o
 .debug_ranges  0x00000440       0x38 build/default/debug/_ext/1171490990/exceptions.o
 .debug_ranges  0x00000478       0x10 build/default/debug/_ext/1171490990/initialization.o
 .debug_ranges  0x00000488       0x10 build/default/debug/_ext/1171490990/interrupts.o
 .debug_ranges  0x00000498       0x30 build/default/debug/_ext/1171490990/freertos_hooks.o
 .debug_ranges  0x000004c8       0x68 build/default/debug/_ext/246609638/port.o
 .debug_ranges  0x00000530       0x28 build/default/debug/_ext/1665200909/heap_1.o
 .debug_ranges  0x00000558       0x30 build/default/debug/_ext/404212886/list.o
 .debug_ranges  0x00000588      0x2c0 build/default/debug/_ext/404212886/FreeRTOS_tasks.o
 .debug_ranges  0x00000848      0x178 build/default/debug/_ext/404212886/queue.o
 .debug_ranges  0x000009c0       0x18 build/default/debug/_ext/1360937237/app.o
 .debug_ranges  0x000009d8       0x10 build/default/debug/_ext/1360937237/main.o
 .debug_ranges  0x000009e8       0x10 /Applications/microchip/xc32/v4.21/bin/bin/../../lib/gcc/pic32c/8.3.1/../../../../pic32c/lib/thumb/v7e-m+fp/hard/libpic32c.a(data_init_wrapper.o)
 .debug_ranges  0x000009f8       0x10 /Applications/microchip/xc32/v4.21/bin/bin/../../lib/gcc/pic32c/8.3.1/../../../../pic32c/lib/thumb/v7e-m+fp/hard/libpic32c.a(data_init_0_1.o)
 .debug_ranges  0x00000a08       0x40 /Applications/microchip/xc32/v4.21/bin/bin/../../lib/gcc/pic32c/8.3.1/../../../../pic32c/lib/thumb/v7e-m+fp/hard/libg-musl.a(__libc_start_main.o)
 .debug_ranges  0x00000a48       0x18 /Applications/microchip/xc32/v4.21/bin/bin/../../lib/gcc/pic32c/8.3.1/../../../../pic32c/lib/thumb/v7e-m+fp/hard/libg-musl.a(__sio_printf_doux.o)
 .debug_ranges  0x00000a60       0x10 /Applications/microchip/xc32/v4.21/bin/bin/../../lib/gcc/pic32c/8.3.1/../../../../pic32c/lib/thumb/v7e-m+fp/hard/libg-musl.a(__fmt_d.o)
 .debug_ranges  0x00000a70       0x10 /Applications/microchip/xc32/v4.21/bin/bin/../../lib/gcc/pic32c/8.3.1/../../../../pic32c/lib/thumb/v7e-m+fp/hard/libg-musl.a(__fmt_o.o)
 .debug_ranges  0x00000a80       0x10 /Applications/microchip/xc32/v4.21/bin/bin/../../lib/gcc/pic32c/8.3.1/../../../../pic32c/lib/thumb/v7e-m+fp/hard/libg-musl.a(__fmt_s.o)
 .debug_ranges  0x00000a90       0x18 /Applications/microchip/xc32/v4.21/bin/bin/../../lib/gcc/pic32c/8.3.1/../../../../pic32c/lib/thumb/v7e-m+fp/hard/libg-musl.a(__fmt_u.o)
 .debug_ranges  0x00000aa8       0x10 /Applications/microchip/xc32/v4.21/bin/bin/../../lib/gcc/pic32c/8.3.1/../../../../pic32c/lib/thumb/v7e-m+fp/hard/libg-musl.a(__fmt_x.o)
 .debug_ranges  0x00000ab8       0x10 /Applications/microchip/xc32/v4.21/bin/bin/../../lib/gcc/pic32c/8.3.1/../../../../pic32c/lib/thumb/v7e-m+fp/hard/libg-musl.a(__pop_int.o)
 .debug_ranges  0x00000ac8       0x10 /Applications/microchip/xc32/v4.21/bin/bin/../../lib/gcc/pic32c/8.3.1/../../../../pic32c/lib/thumb/v7e-m+fp/hard/libg-musl.a(__pop_ptr.o)
 .debug_ranges  0x00000ad8       0x68 /Applications/microchip/xc32/v4.21/bin/bin/../../lib/gcc/pic32c/8.3.1/../../../../pic32c/lib/thumb/v7e-m+fp/hard/libg-musl.a(__printf_core.o)
 .debug_ranges  0x00000b40       0x18 /Applications/microchip/xc32/v4.21/bin/bin/../../lib/gcc/pic32c/8.3.1/../../../../pic32c/lib/thumb/v7e-m+fp/hard/libg-musl.a(stdin.o)
 .debug_ranges  0x00000b58       0x20 /Applications/microchip/xc32/v4.21/bin/bin/../../lib/gcc/pic32c/8.3.1/../../../../pic32c/lib/thumb/v7e-m+fp/hard/libg-musl.a(stdout.o)
 .debug_ranges  0x00000b78       0x10 /Applications/microchip/xc32/v4.21/bin/bin/../../lib/gcc/pic32c/8.3.1/../../../../pic32c/lib/thumb/v7e-m+fp/hard/libg-musl.a(puts.o)
 .debug_ranges  0x00000b88       0x10 /Applications/microchip/xc32/v4.21/bin/bin/../../lib/gcc/pic32c/8.3.1/../../../../pic32c/lib/thumb/v7e-m+fp/hard/libg-musl.a(setbuf.o)
 .debug_ranges  0x00000b98       0x10 /Applications/microchip/xc32/v4.21/bin/bin/../../lib/gcc/pic32c/8.3.1/../../../../pic32c/lib/thumb/v7e-m+fp/hard/libg-musl.a(atoi.o)
 .debug_ranges  0x00000ba8       0x10 /Applications/microchip/xc32/v4.21/bin/bin/../../lib/gcc/pic32c/8.3.1/../../../../pic32c/lib/thumb/v7e-m+fp/hard/libg-musl.a(memcpy.o)
 .debug_ranges  0x00000bb8       0x10 /Applications/microchip/xc32/v4.21/bin/bin/../../lib/gcc/pic32c/8.3.1/../../../../pic32c/lib/thumb/v7e-m+fp/hard/libg-musl.a(memset.o)
 .debug_ranges  0x00000bc8       0x10 /Applications/microchip/xc32/v4.21/bin/bin/../../lib/gcc/pic32c/8.3.1/../../../../pic32c/lib/thumb/v7e-m+fp/hard/libg-musl.a(strlen.o)
 .debug_ranges  0x00000bd8       0x18 /Applications/microchip/xc32/v4.21/bin/bin/../../lib/gcc/pic32c/8.3.1/../../../../pic32c/lib/thumb/v7e-m+fp/hard/libg-musl.a(tolower.o)
 .debug_ranges  0x00000bf0       0x18 /Applications/microchip/xc32/v4.21/bin/bin/../../lib/gcc/pic32c/8.3.1/../../../../pic32c/lib/thumb/v7e-m+fp/hard/libg-musl.a(toupper.o)
 .debug_ranges  0x00000c08       0x10 /Applications/microchip/xc32/v4.21/bin/bin/../../lib/gcc/pic32c/8.3.1/../../../../pic32c/lib/thumb/v7e-m+fp/hard/libg-musl.a(__int_vfprintf.o)
 .debug_ranges  0x00000c18       0x10 /Applications/microchip/xc32/v4.21/bin/bin/../../lib/gcc/pic32c/8.3.1/../../../../pic32c/lib/thumb/v7e-m+fp/hard/libg-musl.a(fputs.o)
 .debug_ranges  0x00000c28       0x10 /Applications/microchip/xc32/v4.21/bin/bin/../../lib/gcc/pic32c/8.3.1/../../../../pic32c/lib/thumb/v7e-m+fp/hard/libg-musl.a(__pop_float.o)
 .debug_ranges  0x00000c38       0x10 /Applications/microchip/xc32/v4.21/bin/bin/../../lib/gcc/pic32c/8.3.1/../../../../pic32c/lib/thumb/v7e-m+fp/hard/libg-musl.a(__stdio_read.o)
 .debug_ranges  0x00000c48       0x10 /Applications/microchip/xc32/v4.21/bin/bin/../../lib/gcc/pic32c/8.3.1/../../../../pic32c/lib/thumb/v7e-m+fp/hard/libg-musl.a(__towrite_rw.o)
 .debug_ranges  0x00000c58       0x18 /Applications/microchip/xc32/v4.21/bin/bin/../../lib/gcc/pic32c/8.3.1/../../../../pic32c/lib/thumb/v7e-m+fp/hard/libg-musl.a(fwrite.o)
 .debug_ranges  0x00000c70       0x20 /Applications/microchip/xc32/v4.21/bin/bin/../../lib/gcc/pic32c/8.3.1/../../../../pic32c/lib/thumb/v7e-m+fp/hard/libg-musl.a(putc.o)
 .debug_ranges  0x00000c90       0x18 /Applications/microchip/xc32/v4.21/bin/bin/../../lib/gcc/pic32c/8.3.1/../../../../pic32c/lib/thumb/v7e-m+fp/hard/libg-musl.a(setvbuf.o)
 .debug_ranges  0x00000ca8       0x10 /Applications/microchip/xc32/v4.21/bin/bin/../../lib/gcc/pic32c/8.3.1/../../../../pic32c/lib/thumb/v7e-m+fp/hard/libg-musl.a(readv.o)
 .debug_ranges  0x00000cb8      0x1a0 /Applications/microchip/xc32/v4.21/bin/bin/../../lib/gcc/pic32c/8.3.1/../../../../pic32c/lib/thumb/v7e-m+fp/hard/libg-musl.a(malloc.o)
 .debug_ranges  0x00000e58       0x10 /Applications/microchip/xc32/v4.21/bin/bin/../../lib/gcc/pic32c/8.3.1/../../../../pic32c/lib/thumb/v7e-m+fp/hard/libg-musl.a(expand_heap.o)
 .debug_ranges  0x00000e68       0x18 /Applications/microchip/xc32/v4.21/bin/bin/../../lib/gcc/pic32c/8.3.1/../../../../pic32c/lib/thumb/v7e-m+fp/hard/libg-musl.a(__init_stdio.o)
 .debug_ranges  0x00000e80       0x18 /Applications/microchip/xc32/v4.21/bin/bin/../../lib/gcc/pic32c/8.3.1/../../../../pic32c/lib/thumb/v7e-m+fp/hard/libg-musl.a(__out.o)
 .debug_ranges  0x00000e98       0x10 /Applications/microchip/xc32/v4.21/bin/bin/../../lib/gcc/pic32c/8.3.1/../../../../pic32c/lib/thumb/v7e-m+fp/hard/libg-musl.a(__putc.o)
 .debug_ranges  0x00000ea8       0x20 /Applications/microchip/xc32/v4.21/bin/bin/../../lib/gcc/pic32c/8.3.1/../../../../pic32c/lib/thumb/v7e-m+fp/hard/libg-musl.a(__stderr.o)
 .debug_ranges  0x00000ec8       0x18 /Applications/microchip/xc32/v4.21/bin/bin/../../lib/gcc/pic32c/8.3.1/../../../../pic32c/lib/thumb/v7e-m+fp/hard/libg-musl.a(__stdio_close.o)
 .debug_ranges  0x00000ee0       0x30 /Applications/microchip/xc32/v4.21/bin/bin/../../lib/gcc/pic32c/8.3.1/../../../../pic32c/lib/thumb/v7e-m+fp/hard/libg-musl.a(__stdio_write.o)
 .debug_ranges  0x00000f10       0x20 /Applications/microchip/xc32/v4.21/bin/bin/../../lib/gcc/pic32c/8.3.1/../../../../pic32c/lib/thumb/v7e-m+fp/hard/libg-musl.a(__stdout.o)
 .debug_ranges  0x00000f30       0x18 /Applications/microchip/xc32/v4.21/bin/bin/../../lib/gcc/pic32c/8.3.1/../../../../pic32c/lib/thumb/v7e-m+fp/hard/libg-musl.a(__towrite.o)
 .debug_ranges  0x00000f48       0x10 /Applications/microchip/xc32/v4.21/bin/bin/../../lib/gcc/pic32c/8.3.1/../../../../pic32c/lib/thumb/v7e-m+fp/hard/libg-musl.a(writev.o)
 .debug_ranges  0x00000f58       0x10 /Applications/microchip/xc32/v4.21/bin/bin/../../lib/gcc/pic32c/8.3.1/../../../../pic32c/lib/thumb/v7e-m+fp/hard/libg-musl.a(__overflow.o)
 .debug_ranges  0x00000f68       0x18 /Applications/microchip/xc32/v4.21/bin/bin/../../lib/gcc/pic32c/8.3.1/../../../../pic32c/lib/thumb/v7e-m+fp/hard/libg-musl.a(__fwrite.o)
 .debug_ranges  0x00000f80       0xb0 /Applications/microchip/xc32/v4.21/bin/bin/../../lib/gcc/pic32c/8.3.1/thumb/v7e-m+fp/hard/libgcc.a(_udivmoddi4.o)
 .debug_ranges  0x00001030       0x10 /Applications/microchip/xc32/v4.21/bin/bin/../../lib/gcc/pic32c/8.3.1/../../../../pic32c/lib/thumb/v7e-m+fp/hard/libpic32c.a(close.o)
 .debug_ranges  0x00001040       0x10 /Applications/microchip/xc32/v4.21/bin/bin/../../lib/gcc/pic32c/8.3.1/../../../../pic32c/lib/thumb/v7e-m+fp/hard/libpic32c.a(lseek.o)
 .debug_ranges  0x00001050       0x10 /Applications/microchip/xc32/v4.21/bin/bin/../../lib/gcc/pic32c/8.3.1/../../../../pic32c/lib/thumb/v7e-m+fp/hard/libpic32c.a(sbrk.o)

.debug_line     0x00000000     0xcca1
 .debug_line    0x00000000      0x764 build/default/debug/_ext/158385033/drv_i2c.o
 .debug_line    0x00000764      0x33b build/default/debug/_ext/1360937237/DRV_TSL2591.o
 .debug_line    0x00000a9f      0x415 build/default/debug/_ext/1529399856/osal_freertos.o
 .debug_line    0x00000eb4      0x26f build/default/debug/_ext/1984496892/plib_clock.o
 .debug_line    0x00001123       0x66 build/default/debug/_ext/1986646378/plib_evsys.o
 .debug_line    0x00001189      0x39d build/default/debug/_ext/1865468468/plib_nvic.o
 .debug_line    0x00001526      0x5bf build/default/debug/_ext/1593096446/plib_nvmctrl.o
 .debug_line    0x00001ae5      0x2a8 build/default/debug/_ext/1865521619/plib_port.o
 .debug_line    0x00001d8d      0x7dc build/default/debug/_ext/508257091/plib_sercom3_i2c_master.o
 .debug_line    0x00002569      0x5dd build/default/debug/_ext/504274921/plib_sercom2_usart.o
 .debug_line    0x00002b46      0x14f build/default/debug/_ext/163028504/xc32_monitor.o
 .debug_line    0x00002c95      0x16e build/default/debug/_ext/1171490990/tasks.o
 .debug_line    0x00002e03      0x242 build/default/debug/_ext/1171490990/startup_xc32.o
 .debug_line    0x00003045       0xcc build/default/debug/_ext/1171490990/exceptions.o
 .debug_line    0x00003111      0x42b build/default/debug/_ext/1171490990/initialization.o
 .debug_line    0x0000353c       0xb8 build/default/debug/_ext/1171490990/interrupts.o
 .debug_line    0x000035f4      0x1dc build/default/debug/_ext/1171490990/freertos_hooks.o
 .debug_line    0x000037d0      0x363 build/default/debug/_ext/246609638/port.o
 .debug_line    0x00003b33      0x21b build/default/debug/_ext/1665200909/heap_1.o
 .debug_line    0x00003d4e      0x2e1 build/default/debug/_ext/404212886/list.o
 .debug_line    0x0000402f     0x18c1 build/default/debug/_ext/404212886/FreeRTOS_tasks.o
 .debug_line    0x000058f0      0xef6 build/default/debug/_ext/404212886/queue.o
 .debug_line    0x000067e6      0x153 build/default/debug/_ext/1360937237/app.o
 .debug_line    0x00006939       0x7c build/default/debug/_ext/1360937237/main.o
 .debug_line    0x000069b5       0xa9 /Applications/microchip/xc32/v4.21/bin/bin/../../lib/gcc/pic32c/8.3.1/../../../../pic32c/lib/thumb/v7e-m+fp/hard/libpic32c.a(data_init_wrapper.o)
 .debug_line    0x00006a5e       0xf2 /Applications/microchip/xc32/v4.21/bin/bin/../../lib/gcc/pic32c/8.3.1/../../../../pic32c/lib/thumb/v7e-m+fp/hard/libpic32c.a(data_init_0_1.o)
 .debug_line    0x00006b50      0x1d5 /Applications/microchip/xc32/v4.21/bin/bin/../../lib/gcc/pic32c/8.3.1/../../../../pic32c/lib/thumb/v7e-m+fp/hard/libg-musl.a(__libc_start_main.o)
 .debug_line    0x00006d25       0xbc /Applications/microchip/xc32/v4.21/bin/bin/../../lib/gcc/pic32c/8.3.1/../../../../pic32c/lib/thumb/v7e-m+fp/hard/libg-musl.a(libc.o)
 .debug_line    0x00006de1      0x1c8 /Applications/microchip/xc32/v4.21/bin/bin/../../lib/gcc/pic32c/8.3.1/../../../../pic32c/lib/thumb/v7e-m+fp/hard/libg-musl.a(__sio_printf_doux.o)
 .debug_line    0x00006fa9      0x20d /Applications/microchip/xc32/v4.21/bin/bin/../../lib/gcc/pic32c/8.3.1/../../../../pic32c/lib/thumb/v7e-m+fp/hard/libg-musl.a(__fmt_d.o)
 .debug_line    0x000071b6      0x1b7 /Applications/microchip/xc32/v4.21/bin/bin/../../lib/gcc/pic32c/8.3.1/../../../../pic32c/lib/thumb/v7e-m+fp/hard/libg-musl.a(__fmt_o.o)
 .debug_line    0x0000736d      0x200 /Applications/microchip/xc32/v4.21/bin/bin/../../lib/gcc/pic32c/8.3.1/../../../../pic32c/lib/thumb/v7e-m+fp/hard/libg-musl.a(__fmt_s.o)
 .debug_line    0x0000756d      0x241 /Applications/microchip/xc32/v4.21/bin/bin/../../lib/gcc/pic32c/8.3.1/../../../../pic32c/lib/thumb/v7e-m+fp/hard/libg-musl.a(__fmt_u.o)
 .debug_line    0x000077ae      0x2e2 /Applications/microchip/xc32/v4.21/bin/bin/../../lib/gcc/pic32c/8.3.1/../../../../pic32c/lib/thumb/v7e-m+fp/hard/libg-musl.a(__fmt_x.o)
 .debug_line    0x00007a90      0x20e /Applications/microchip/xc32/v4.21/bin/bin/../../lib/gcc/pic32c/8.3.1/../../../../pic32c/lib/thumb/v7e-m+fp/hard/libg-musl.a(__pop_int.o)
 .debug_line    0x00007c9e      0x1ee /Applications/microchip/xc32/v4.21/bin/bin/../../lib/gcc/pic32c/8.3.1/../../../../pic32c/lib/thumb/v7e-m+fp/hard/libg-musl.a(__pop_ptr.o)
 .debug_line    0x00007e8c      0x69e /Applications/microchip/xc32/v4.21/bin/bin/../../lib/gcc/pic32c/8.3.1/../../../../pic32c/lib/thumb/v7e-m+fp/hard/libg-musl.a(__printf_core.o)
 .debug_line    0x0000852a      0x1da /Applications/microchip/xc32/v4.21/bin/bin/../../lib/gcc/pic32c/8.3.1/../../../../pic32c/lib/thumb/v7e-m+fp/hard/libg-musl.a(stdin.o)
 .debug_line    0x00008704      0x18f /Applications/microchip/xc32/v4.21/bin/bin/../../lib/gcc/pic32c/8.3.1/../../../../pic32c/lib/thumb/v7e-m+fp/hard/libg-musl.a(stdout.o)
 .debug_line    0x00008893      0x1dc /Applications/microchip/xc32/v4.21/bin/bin/../../lib/gcc/pic32c/8.3.1/../../../../pic32c/lib/thumb/v7e-m+fp/hard/libg-musl.a(puts.o)
 .debug_line    0x00008a6f      0x139 /Applications/microchip/xc32/v4.21/bin/bin/../../lib/gcc/pic32c/8.3.1/../../../../pic32c/lib/thumb/v7e-m+fp/hard/libg-musl.a(setbuf.o)
 .debug_line    0x00008ba8      0x175 /Applications/microchip/xc32/v4.21/bin/bin/../../lib/gcc/pic32c/8.3.1/../../../../pic32c/lib/thumb/v7e-m+fp/hard/libg-musl.a(atoi.o)
 .debug_line    0x00008d1d       0xf2 /Applications/microchip/xc32/v4.21/bin/bin/../../lib/gcc/pic32c/8.3.1/../../../../pic32c/lib/thumb/v7e-m+fp/hard/libg-musl.a(memcpy.o)